Archive member included to satisfy reference by file (symbol)

C:/nxp/MCUXpressoIDE_24.12.148/ide/plugins/com.nxp.mcuxpresso.tools.win32_24.12.0.202407110909/tools/bin/../lib/gcc/arm-none-eabi/13.2.1/thumb/v6-m/nofp\libm.a(libm_a-s_round.o)
                              ./framework/XCVR/MKW41Z4/fsl_xcvr.o (round)
C:/nxp/MCUXpressoIDE_24.12.148/ide/plugins/com.nxp.mcuxpresso.tools.win32_24.12.0.202407110909/tools/bin/../lib/gcc/arm-none-eabi/13.2.1/thumb/v6-m/nofp\libm.a(libm_a-s_trunc.o)
                              ./framework/XCVR/MKW41Z4/fsl_xcvr.o (trunc)
C:/nxp/MCUXpressoIDE_24.12.148/ide/plugins/com.nxp.mcuxpresso.tools.win32_24.12.0.202407110909/tools/bin/../lib/gcc/arm-none-eabi/13.2.1/thumb/v6-m/nofp\libm.a(libm_a-sf_round.o)
                              ./framework/XCVR/MKW41Z4/fsl_xcvr_trim.o (roundf)
C:/nxp/MCUXpressoIDE_24.12.148/ide/plugins/com.nxp.mcuxpresso.tools.win32_24.12.0.202407110909/tools/bin/../lib/gcc/arm-none-eabi/13.2.1/thumb/v6-m/nofp\libc.a(libc_a-exit.o)
                              C:/nxp/MCUXpressoIDE_24.12.148/ide/plugins/com.nxp.mcuxpresso.tools.win32_24.12.0.202407110909/tools/bin/../lib/gcc/arm-none-eabi/13.2.1/thumb/v6-m/nofp/crt0.o (exit)
C:/nxp/MCUXpressoIDE_24.12.148/ide/plugins/com.nxp.mcuxpresso.tools.win32_24.12.0.202407110909/tools/bin/../lib/gcc/arm-none-eabi/13.2.1/thumb/v6-m/nofp\libc.a(libc_a-findfp.o)
                              C:/nxp/MCUXpressoIDE_24.12.148/ide/plugins/com.nxp.mcuxpresso.tools.win32_24.12.0.202407110909/tools/bin/../lib/gcc/arm-none-eabi/13.2.1/thumb/v6-m/nofp\libc.a(libc_a-exit.o) (__stdio_exit_handler)
C:/nxp/MCUXpressoIDE_24.12.148/ide/plugins/com.nxp.mcuxpresso.tools.win32_24.12.0.202407110909/tools/bin/../lib/gcc/arm-none-eabi/13.2.1/thumb/v6-m/nofp\libc.a(libc_a-fwalk.o)
                              C:/nxp/MCUXpressoIDE_24.12.148/ide/plugins/com.nxp.mcuxpresso.tools.win32_24.12.0.202407110909/tools/bin/../lib/gcc/arm-none-eabi/13.2.1/thumb/v6-m/nofp\libc.a(libc_a-findfp.o) (_fwalk_sglue)
C:/nxp/MCUXpressoIDE_24.12.148/ide/plugins/com.nxp.mcuxpresso.tools.win32_24.12.0.202407110909/tools/bin/../lib/gcc/arm-none-eabi/13.2.1/thumb/v6-m/nofp\libc.a(libc_a-stdio.o)
                              C:/nxp/MCUXpressoIDE_24.12.148/ide/plugins/com.nxp.mcuxpresso.tools.win32_24.12.0.202407110909/tools/bin/../lib/gcc/arm-none-eabi/13.2.1/thumb/v6-m/nofp\libc.a(libc_a-findfp.o) (__sread)
C:/nxp/MCUXpressoIDE_24.12.148/ide/plugins/com.nxp.mcuxpresso.tools.win32_24.12.0.202407110909/tools/bin/../lib/gcc/arm-none-eabi/13.2.1/thumb/v6-m/nofp\libc.a(libc_a-memset.o)
                              C:/nxp/MCUXpressoIDE_24.12.148/ide/plugins/com.nxp.mcuxpresso.tools.win32_24.12.0.202407110909/tools/bin/../lib/gcc/arm-none-eabi/13.2.1/thumb/v6-m/nofp/crt0.o (memset)
C:/nxp/MCUXpressoIDE_24.12.148/ide/plugins/com.nxp.mcuxpresso.tools.win32_24.12.0.202407110909/tools/bin/../lib/gcc/arm-none-eabi/13.2.1/thumb/v6-m/nofp\libc.a(libc_a-closer.o)
                              C:/nxp/MCUXpressoIDE_24.12.148/ide/plugins/com.nxp.mcuxpresso.tools.win32_24.12.0.202407110909/tools/bin/../lib/gcc/arm-none-eabi/13.2.1/thumb/v6-m/nofp\libc.a(libc_a-stdio.o) (_close_r)
C:/nxp/MCUXpressoIDE_24.12.148/ide/plugins/com.nxp.mcuxpresso.tools.win32_24.12.0.202407110909/tools/bin/../lib/gcc/arm-none-eabi/13.2.1/thumb/v6-m/nofp\libc.a(libc_a-reent.o)
                              C:/nxp/MCUXpressoIDE_24.12.148/ide/plugins/com.nxp.mcuxpresso.tools.win32_24.12.0.202407110909/tools/bin/../lib/gcc/arm-none-eabi/13.2.1/thumb/v6-m/nofp\libc.a(libc_a-closer.o) (errno)
C:/nxp/MCUXpressoIDE_24.12.148/ide/plugins/com.nxp.mcuxpresso.tools.win32_24.12.0.202407110909/tools/bin/../lib/gcc/arm-none-eabi/13.2.1/thumb/v6-m/nofp\libc.a(libc_a-impure.o)
                              C:/nxp/MCUXpressoIDE_24.12.148/ide/plugins/com.nxp.mcuxpresso.tools.win32_24.12.0.202407110909/tools/bin/../lib/gcc/arm-none-eabi/13.2.1/thumb/v6-m/nofp\libc.a(libc_a-reent.o) (_impure_ptr)
C:/nxp/MCUXpressoIDE_24.12.148/ide/plugins/com.nxp.mcuxpresso.tools.win32_24.12.0.202407110909/tools/bin/../lib/gcc/arm-none-eabi/13.2.1/thumb/v6-m/nofp\libc.a(libc_a-lseekr.o)
                              C:/nxp/MCUXpressoIDE_24.12.148/ide/plugins/com.nxp.mcuxpresso.tools.win32_24.12.0.202407110909/tools/bin/../lib/gcc/arm-none-eabi/13.2.1/thumb/v6-m/nofp\libc.a(libc_a-stdio.o) (_lseek_r)
C:/nxp/MCUXpressoIDE_24.12.148/ide/plugins/com.nxp.mcuxpresso.tools.win32_24.12.0.202407110909/tools/bin/../lib/gcc/arm-none-eabi/13.2.1/thumb/v6-m/nofp\libc.a(libc_a-readr.o)
                              C:/nxp/MCUXpressoIDE_24.12.148/ide/plugins/com.nxp.mcuxpresso.tools.win32_24.12.0.202407110909/tools/bin/../lib/gcc/arm-none-eabi/13.2.1/thumb/v6-m/nofp\libc.a(libc_a-stdio.o) (_read_r)
C:/nxp/MCUXpressoIDE_24.12.148/ide/plugins/com.nxp.mcuxpresso.tools.win32_24.12.0.202407110909/tools/bin/../lib/gcc/arm-none-eabi/13.2.1/thumb/v6-m/nofp\libc.a(libc_a-writer.o)
[...]
Memory Configuration

Name             Origin             Length             Attributes
TEXT_region1     0x00000000         0x00000400         xr
m_flash_config_region 0x00000400         0x00000010         xr
TEXT_region2     0x00000411         0x0007d3ee         xr
NVM_region       0x0007d800         0x00001fff         rw
DATA1_region     0x1fff8000         0x00008000         rw
DATA2_region     0x20000000         0x00018000         rw
PRODUCT_INFO_region 0x0007f800         0x000007ff         xr
*default*        0x00000000         0xffffffff

Linker script and memory map

LOAD C:/nxp/MCUXpressoIDE_24.12.148/ide/plugins/com.nxp.mcuxpresso.tools.win32_24.12.0.202407110909/tools/bin/../lib/gcc/arm-none-eabi/13.2.1/thumb/v6-m/nofp/crti.o
LOAD C:/nxp/MCUXpressoIDE_24.12.148/ide/plugins/com.nxp.mcuxpresso.tools.win32_24.12.0.202407110909/tools/bin/../lib/gcc/arm-none-eabi/13.2.1/thumb/v6-m/nofp/crtbegin.o
LOAD C:/nxp/MCUXpressoIDE_24.12.148/ide/plugins/com.nxp.mcuxpresso.tools.win32_24.12.0.202407110909/tools/bin/../lib/gcc/arm-none-eabi/13.2.1/thumb/v6-m/nofp/crt0.o
LOAD ./utilities/fsl_debug_console.o
LOAD ./startup/startup_MKW41Z4.o
LOAD ./source/mtb.o
LOAD ./source/mwa_end_device.o
LOAD ./source/semihost_hardfault.o
LOAD ./source/timer_task.o
LOAD ./ieee_802.15.4/phy/source/MKW41Z/ASP.o
LOAD ./ieee_802.15.4/phy/source/MKW41Z/MPM.o
LOAD ./ieee_802.15.4/phy/source/MKW41Z/PhyISR.o
LOAD ./ieee_802.15.4/phy/source/MKW41Z/PhyPacketProcessor.o
LOAD ./ieee_802.15.4/phy/source/MKW41Z/PhyPlmeData.o
LOAD ./ieee_802.15.4/phy/source/MKW41Z/PhyStateMachine.o
LOAD ./ieee_802.15.4/phy/source/MKW41Z/PhyTime.o
LOAD ./ieee_802.15.4/mac/source/App/FsciAspCommands.o
LOAD ./ieee_802.15.4/mac/source/App/FsciMacCommands.o
LOAD ./ieee_802.15.4/mac/source/App/MacGlobals.o
LOAD ./freertos/croutine.o
LOAD ./freertos/event_groups.o
LOAD ./freertos/fsl_tickless_lptmr.o
LOAD ./freertos/fsl_tickless_systick.o
LOAD ./freertos/heap_4.o
LOAD ./freertos/list.o
LOAD ./freertos/port.o
LOAD ./freertos/queue.o
LOAD ./freertos/tasks.o
LOAD ./freertos/timers.o
LOAD ./framework/XCVR/MKW41Z4/cfgs_kw4x_3x_2x/fsl_xcvr_ant_config.o
LOAD ./framework/XCVR/MKW41Z4/cfgs_kw4x_3x_2x/fsl_xcvr_ble_config.o
LOAD ./framework/XCVR/MKW41Z4/cfgs_kw4x_3x_2x/fsl_xcvr_common_config.o
LOAD ./framework/XCVR/MKW41Z4/cfgs_kw4x_3x_2x/fsl_xcvr_gfsk_bt_0p3_h_0p5_config.o
LOAD ./framework/XCVR/MKW41Z4/cfgs_kw4x_3x_2x/fsl_xcvr_gfsk_bt_0p5_h_0p32_config.o
LOAD ./framework/XCVR/MKW41Z4/cfgs_kw4x_3x_2x/fsl_xcvr_gfsk_bt_0p5_h_0p5_config.o
LOAD ./framework/XCVR/MKW41Z4/cfgs_kw4x_3x_2x/fsl_xcvr_gfsk_bt_0p5_h_0p7_config.o
LOAD ./framework/XCVR/MKW41Z4/cfgs_kw4x_3x_2x/fsl_xcvr_gfsk_bt_0p5_h_1p0_config.o
LOAD ./framework/XCVR/MKW41Z4/cfgs_kw4x_3x_2x/fsl_xcvr_gfsk_bt_0p7_h_0p5_config.o
LOAD ./framework/XCVR/MKW41Z4/cfgs_kw4x_3x_2x/fsl_xcvr_mode_datarate_config.o
LOAD ./framework/XCVR/MKW41Z4/cfgs_kw4x_3x_2x/fsl_xcvr_msk_config.o
LOAD ./framework/XCVR/MKW41Z4/cfgs_kw4x_3x_2x/fsl_xcvr_zgbe_config.o
LOAD ./framework/XCVR/MKW41Z4/dbg_ram_capture.o
LOAD ./framework/XCVR/MKW41Z4/fsl_xcvr.o
LOAD ./framework/XCVR/MKW41Z4/fsl_xcvr_trim.o
LOAD ./framework/XCVR/MKW41Z4/ifr_radio.o
LOAD ./framework/TimersManager/Source/TMR_Adapter.o
LOAD ./framework/TimersManager/Source/TimersManager.o
LOAD ./framework/SerialManager/Source/UART_Adapter/UART_Adapter.o
LOAD ./framework/SerialManager/Source/SPI_Adapter/SPI_Adapter.o
LOAD ./framework/SerialManager/Source/I2C_Adapter/I2C_Adapter.o
LOAD ./framework/SerialManager/Source/SerialManager.o
LOAD ./framework/SecLib/SecLib.o
LOAD ./framework/Reset/Reset.o
LOAD ./framework/RNG/Source/RNG.o
LOAD ./framework/Panic/Source/Panic.o
LOAD ./framework/OSAbstraction/Source/fsl_os_abstraction_free_rtos.o
LOAD ./framework/NVM/Source/NV_Flash.o
LOAD ./framework/NVM/Source/NV_FsciCommands.o
LOAD ./framework/ModuleInfo/ModuleInfo.o
LOAD ./framework/Messaging/Source/Messaging.o
LOAD ./framework/MemManager/Source/MemManager.o
LOAD ./framework/MWSCoexistence/Source/MWS.o
LOAD ./framework/LowPower/Source/MKW41Z/PWR.o
LOAD ./framework/LowPower/Source/MKW41Z/PWRLib.o
LOAD ./framework/Lists/GenericList.o
LOAD ./framework/LED/Source/LED.o
LOAD ./framework/Keyboard/Source/Keyboard.o
LOAD ./framework/GPIO/GPIO_Adapter.o
LOAD ./framework/FunctionLib/FunctionLib.o
LOAD ./framework/Flash/Internal/Flash_Adapter.o
LOAD ./framework/DCDC/Source/DCDC.o
LOAD ./drivers/fsl_adc16.o
LOAD ./drivers/fsl_clock.o
LOAD ./drivers/fsl_common.o
LOAD ./drivers/fsl_dspi.o
LOAD ./drivers/fsl_dspi_freertos.o
LOAD ./drivers/fsl_flash.o
LOAD ./drivers/fsl_gpio.o
LOAD ./drivers/fsl_i2c.o
LOAD ./drivers/fsl_i2c_freertos.o
LOAD ./drivers/fsl_llwu.o
LOAD ./drivers/fsl_lptmr.o
LOAD ./drivers/fsl_lpuart.o
LOAD ./drivers/fsl_lpuart_freertos.o
LOAD ./drivers/fsl_ltc.o
LOAD ./drivers/fsl_pmc.o
LOAD ./drivers/fsl_rtc.o
LOAD ./drivers/fsl_smc.o
LOAD ./drivers/fsl_tpm.o
LOAD ./drivers/fsl_trng.o
LOAD ./drivers/fsl_tsi_v4.o
LOAD ./board/board.o
LOAD ./board/clock_config.o
LOAD ./board/gpio_pins.o
LOAD ./board/pin_mux.o
LOAD ./CMSIS/system_MKW41Z4.o
LOAD C:/nxp/MCUXpressoIDE_24.12.148/ide/plugins/com.nxp.mcuxpresso.tools.win32_24.12.0.202407110909/tools/bin/../lib/gcc/arm-none-eabi/13.2.1/thumb/v6-m/nofp\libm.a
LOAD C:/nxp/MCUXpressoIDE_24.12.148/ide/plugins/com.nxp.mcuxpresso.tools.win32_24.12.0.202407110909/tools/bin/../lib/gcc/arm-none-eabi/13.2.1/thumb/v6-m/nofp\libc.a
LOAD C:/nxp/MCUXpressoIDE_24.12.148/ide/plugins/com.nxp.mcuxpresso.tools.win32_24.12.0.202407110909/tools/bin/../lib/gcc/arm-none-eabi/13.2.1/thumb/v6-m/nofp\libgcc.a
LOAD C:/nxp/MCUXpressoIDE_24.12.148/ide/plugins/com.nxp.mcuxpresso.tools.win32_24.12.0.202407110909/tools/bin/../lib/gcc/arm-none-eabi/13.2.1/thumb/v6-m/nofp\libnosys.a
LOAD C:\Users\eduar\Documents\MCUXpressoIDE_24.12.148\workspace\P1_redes\p1_tm2_wireless_examples_ieee_802_15_4_mwa_end_device_freertos\libs\lib_crypto_m0.a
LOAD C:\Users\eduar\Documents\MCUXpressoIDE_24.12.148\workspace\P1_redes\p1_tm2_wireless_examples_ieee_802_15_4_mwa_end_device_freertos\libs\lib802.15.4_mac_06_cm0.a
START GROUP
LOAD C:/nxp/MCUXpressoIDE_24.12.148/ide/plugins/com.nxp.mcuxpresso.tools.win32_24.12.0.202407110909/tools/bin/../lib/gcc/arm-none-eabi/13.2.1/thumb/v6-m/nofp\libgcc.a
LOAD C:/nxp/MCUXpressoIDE_24.12.148/ide/plugins/com.nxp.mcuxpresso.tools.win32_24.12.0.202407110909/tools/bin/../lib/gcc/arm-none-eabi/13.2.1/thumb/v6-m/nofp\libc.a
END GROUP
LOAD C:/nxp/MCUXpressoIDE_24.12.148/ide/plugins/com.nxp.mcuxpresso.tools.win32_24.12.0.202407110909/tools/bin/../lib/gcc/arm-none-eabi/13.2.1/thumb/v6-m/nofp/crtend.o
LOAD C:/nxp/MCUXpressoIDE_24.12.148/ide/plugins/com.nxp.mcuxpresso.tools.win32_24.12.0.202407110909/tools/bin/../lib/gcc/arm-none-eabi/13.2.1/thumb/v6-m/nofp/crtn.o
                0x00000001                        gUseNVMLink_d = DEFINED (gUseNVMLink_d)?gUseNVMLink_d:0x1
                0x00000004                        gNVMSectorCountLink_d = DEFINED (gNVMSectorCountLink_d)?gNVMSectorCountLink_d:0x4
                0x00000001                        __ram_vector_table__ = DEFINED (__ram_vector_table__)?__ram_vector_table__:0x1
                0x00000000                        __region_ROM_start__ = 0x0
                0x0007ffff                        __region_ROM_end__ = 0x7ffff
                0x1fff8000                        __region_RAM1_start__ = 0x1fff8000
                0x1fffffff                        __region_RAM1_end__ = 0x1fffffff
                0x20000000                        __region_RAM2_start__ = 0x20000000
                0x20017fff                        __region_RAM2_end__ = 0x20017fff
                0x000000c0                        __vector_table_size__ = 0xc0
                0x000000c0                        __ram_vector_table_size__ = DEFINED (__ram_vector_table__)?__vector_table_size__:0x0
                0x1fff8000                        _RAM_START_ = __region_RAM1_start__
                0x20017fff                        _RAM_END_ = __region_RAM2_end__
                0x00000000                        m_interrupts_start = __region_ROM_start__
                0x000000bf                        m_interrupts_end = ((m_interrupts_start + __vector_table_size__) - 0x1)
                0x00000400                        m_flash_config_start = 0x400
                0x00000410                        m_flash_config_end = 0x410
                0x00000800                        m_sector_size = 0x800
                0x00000200                        __size_cstack__ = DEFINED (__stack_size__)?__stack_size__:0x200
                0x00000000                        __size_heap__ = DEFINED (__heap_size__)?__heap_size__:0x0
                0x0007f800                        m_fsl_prodInfo_start = ((__region_ROM_end__ - m_sector_size) + 0x1)
                0x0007ffff                        m_fsl_prodInfo_end = __region_ROM_end__
                0x0007f800                        FREESCALE_PROD_DATA_BASE_ADDR = m_fsl_prodInfo_start
                0x00000800                        NV_STORAGE_SECTOR_SIZE = m_sector_size
                0x00000004                        NV_STORAGE_MAX_SECTORS = gNVMSectorCountLink_d
                0x0007f7ff                        NV_STORAGE_START_ADDRESS = (m_fsl_prodInfo_start - 0x1)
                0x0007d800                        NV_STORAGE_END_ADDRESS = ((NV_STORAGE_START_ADDRESS - (NV_STORAGE_MAX_SECTORS * NV_STORAGE_SECTOR_SIZE)) + 0x1)
                0x00000800                        NV_STORAGE_SECTOR_SIZE_C = m_sector_size
                0x00000004                        NV_STORAGE_MAX_SECTORS_C = gNVMSectorCountLink_d
                0x0007f7ff                        NV_STORAGE_START_ADDRESS_C = (m_fsl_prodInfo_start - 0x1)
                0x0007d800                        NV_STORAGE_END_ADDRESS_C = ((NV_STORAGE_START_ADDRESS_C - (NV_STORAGE_MAX_SECTORS_C * NV_STORAGE_SECTOR_SIZE_C)) + 0x1)
                0x00000000                        m_text_start = m_interrupts_start
                0x0007d7ff                        m_text_end = (NV_STORAGE_END_ADDRESS_C - 0x1)
                0x20000000                        m_interrupts_ram_start = __region_RAM2_start__
                0x200000bf                        m_interrupts_ram_end = ((m_interrupts_ram_start + __ram_vector_table_size__) - 0x1)
                0x20017fff                        __CSTACK_end__ = __region_RAM2_end__
                0x20017dff                        __CSTACK_start__ = (__CSTACK_end__ - __size_cstack__)
                0x20017dfe                        __HEAP_end__ = (__CSTACK_start__ - 0x1)
                0x20017dfa                        __HEAP_start__ = ((__HEAP_end__ - __size_heap__) - 0x4)
                0x1fff8000                        m_data1_start = __region_RAM1_start__
                0x1fffffff                        m_data1_end = __region_RAM1_end__
                0x20000000                        m_data2_start = m_interrupts_ram_start
                0x20017df9                        m_data2_end = (__HEAP_start__ - 0x1)
                0x000000c0                        __RAM_VECTOR_TABLE_SIZE = __ram_vector_table_size__
                0x20017dea                        __BOOT_STACK_ADDRESS = (m_data2_end - 0xf)

.interrupts     0x00000000       0xc0
                0x00000000                        __VECTOR_TABLE = .
                0x00000000                        . = ALIGN (0x4)
 *(SORT_BY_ALIGNMENT(.isr_vector))
 .isr_vector    0x00000000       0xc0 ./startup/startup_MKW41Z4.o
                0x00000000                __isr_vector
                0x000000c0                        . = ALIGN (0x4)

.freescale_prod_data
                0x0007f800        0x0
                0x0007f800                        . = ALIGN (0x4)
 *(SORT_BY_ALIGNMENT(.FREESCALE_PROD_DATA))
                0x0007f800                        . = ALIGN (0x4)

.flash_config   0x00000400       0x10
                0x00000400                        . = ALIGN (0x4)
 *(SORT_BY_ALIGNMENT(.FlashConfig))
 .FlashConfig   0x00000400       0x10 ./startup/startup_MKW41Z4.o
                0x00000410                        . = ALIGN (0x4)

.text           0x00000420    0x1f7ec
                0x00000420                        . = ALIGN (0x4)
 *(SORT_BY_ALIGNMENT(.text))
 .text          0x00000420       0x80 C:/nxp/MCUXpressoIDE_24.12.148/ide/plugins/com.nxp.mcuxpresso.tools.win32_24.12.0.202407110909/tools/bin/../lib/gcc/arm-none-eabi/13.2.1/thumb/v6-m/nofp/crt0.o
                0x00000420                _stack_init
                0x0000042c                _start
                0x0000042c                _mainCRTStartup
 .text          0x000004a0       0xc0 ./startup/startup_MKW41Z4.o
                0x000004a0                Reset_Handler
                0x000004e8                Radio_0_IRQHandler
                0x000004e8                DMA0_DriverIRQHandler
                0x000004e8                CMP0_IRQHandler
                0x000004e8                DMA2_DriverIRQHandler
                0x000004e8                TPM0_IRQHandler
                0x000004e8                Radio_1_IRQHandler
                0x000004e8                LLWU_IRQHandler
                0x000004e8                TSI0_IRQHandler
                0x000004e8                ADC0_IRQHandler
                0x000004e8                CMT_IRQHandler
                0x000004e8                LPTMR0_IRQHandler
                0x000004e8                DefaultISR
                0x000004e8                PORTB_PORTC_IRQHandler
                0x000004e8                TPM2_IRQHandler
                0x000004e8                RTC_IRQHandler
                0x000004e8                LVD_LVW_DCDC_IRQHandler
                0x000004e8                DMA3_DriverIRQHandler
                0x000004e8                RTC_Seconds_IRQHandler
                0x000004e8                MCG_IRQHandler
                0x000004e8                TRNG0_IRQHandler
                0x000004e8                Reserved20_IRQHandler
                0x000004e8                LTC0_IRQHandler
                0x000004e8                PIT_IRQHandler
                0x000004e8                DMA1_DriverIRQHandler
                0x000004e8                FTFA_IRQHandler
                0x000004e8                PORTA_IRQHandler
                0x000004e8                TPM1_IRQHandler
                0x000004e8                DAC0_IRQHandler
                0x00000500                DMA0_IRQHandler
                0x00000504                DMA1_IRQHandler
                0x00000508                DMA2_IRQHandler
                0x0000050c                DMA3_IRQHandler
                0x00000510                I2C0_IRQHandler
                0x00000514                I2C1_IRQHandler
                0x00000518                SPI0_IRQHandler
                0x0000051c                LPUART0_IRQHandler
                0x00000520                SPI1_IRQHandler
 .text          0x00000560      0x114 C:/nxp/MCUXpressoIDE_24.12.148/ide/plugins/com.nxp.mcuxpresso.tools.win32_24.12.0.202407110909/tools/bin/../lib/gcc/arm-none-eabi/13.2.1/thumb/v6-m/nofp\libgcc.a(_udivsi3.o)
                0x00000560                __aeabi_uidiv
                0x00000560                __udivsi3
                0x0000066c                __aeabi_uidivmod
 .text          0x00000674      0x1d4 C:/nxp/MCUXpressoIDE_24.12.148/ide/plugins/com.nxp.mcuxpresso.tools.win32_24.12.0.202407110909/tools/bin/../lib/gcc/arm-none-eabi/13.2.1/thumb/v6-m/nofp\libgcc.a(_divsi3.o)
                0x00000674                __divsi3
                0x00000674                __aeabi_idiv
                0x00000840                __aeabi_idivmod
 .text          0x00000848        0x4 C:/nxp/MCUXpressoIDE_24.12.148/ide/plugins/com.nxp.mcuxpresso.tools.win32_24.12.0.202407110909/tools/bin/../lib/gcc/arm-none-eabi/13.2.1/thumb/v6-m/nofp\libgcc.a(_dvmd_tls.o)
                0x00000848                __aeabi_idiv0
                0x00000848                __aeabi_ldiv0
 .text          0x0000084c       0x74 C:/nxp/MCUXpressoIDE_24.12.148/ide/plugins/com.nxp.mcuxpresso.tools.win32_24.12.0.202407110909/tools/bin/../lib/gcc/arm-none-eabi/13.2.1/thumb/v6-m/nofp\libgcc.a(_arm_cmpsf2.o)
                0x0000084c                __aeabi_cfrcmple
                0x00000854                __aeabi_cfcmpeq
                0x00000854                __aeabi_cfcmple
                0x00000864                __aeabi_fcmpeq
                0x00000870                __aeabi_fcmplt
                0x00000884                __aeabi_fcmple
                0x00000898                __aeabi_fcmpgt
                0x000008ac                __aeabi_fcmpge
 .text          0x000008c0       0x40 C:/nxp/MCUXpressoIDE_24.12.148/ide/plugins/com.nxp.mcuxpresso.tools.win32_24.12.0.202407110909/tools/bin/../lib/gcc/arm-none-eabi/13.2.1/thumb/v6-m/nofp\libgcc.a(_aeabi_uldivmod.o)
                0x000008c0                __aeabi_uldivmod
 .text          0x00000900       0x3c C:/nxp/MCUXpressoIDE_24.12.148/ide/plugins/com.nxp.mcuxpresso.tools.win32_24.12.0.202407110909/tools/bin/../lib/gcc/arm-none-eabi/13.2.1/thumb/v6-m/nofp\libgcc.a(_clzsi2.o)
                0x00000900                __clzsi2
 .text          0x0000093c       0x18 C:/nxp/MCUXpressoIDE_24.12.148/ide/plugins/com.nxp.mcuxpresso.tools.win32_24.12.0.202407110909/tools/bin/../lib/gcc/arm-none-eabi/13.2.1/thumb/v6-m/nofp\libgcc.a(_clzdi2.o)
                0x0000093c                __clzdi2
 .text          0x00000954       0x38 C:\Users\eduar\Documents\MCUXpressoIDE_24.12.148\workspace\P1_redes\p1_tm2_wireless_examples_ieee_802_15_4_mwa_end_device_freertos\libs\lib_crypto_m0.a(SW_RNG.o)
                0x00000954                SecLib_set_rng_seed
                0x00000964                SecLib_get_random
 .text          0x0000098c      0x530 C:\Users\eduar\Documents\MCUXpressoIDE_24.12.148\workspace\P1_redes\p1_tm2_wireless_examples_ieee_802_15_4_mwa_end_device_freertos\libs\lib802.15.4_mac_06_cm0.a(MacMain.o)
                0x0000098c                BindToMAC
                0x000009b8                UnBindFromMAC
                0x000009d4                MAC_EventSet
                0x000009fe                Mac_Task
                0x00000af0                Mac_InitializeData
                0x00000b94                Mac_RegisterSapHandlers
                0x00000ba6                PD_MAC_SapHandler
                0x00000bc8                PLME_MAC_SapHandler
                0x00000bd0                NWK_MCPS_SapHandler
                0x00000c2c                NWK_MLME_SapHandler
                0x00000cd4                Mlme_VerifyNwkInput
                0x00000de0                Mac_GetState
                0x00000e48                Dumy_MCPS_NWK_SapHandler
                0x00000e4c                Dumy_MLME_NWK_SapHandler
                0x00000e56                Mac_SetTrxLowPowerMode
                0x00000e8a                Mac_SetTrxActiveMode
 .text          0x00000ebc      0xc88 C:\Users\eduar\Documents\MCUXpressoIDE_24.12.148\workspace\P1_redes\p1_tm2_wireless_examples_ieee_802_15_4_mwa_end_device_freertos\libs\lib802.15.4_mac_06_cm0.a(MacPib.o)
                0x00000ebc                macInitPIBs
                0x000011c8                macVerifySetReq
                0x000012cc                mlmeGetSetReq
                0x00001854                mlmeGetSizeOfPIB
                0x000019a2                Mac_SetPhyPIBs
                0x00001ad2                Mac_SetExtendedAddress
                0x00001b00                Mac_GetExtendedAddress
 .text          0x00001b44      0x5a0 C:\Users\eduar\Documents\MCUXpressoIDE_24.12.148\workspace\P1_redes\p1_tm2_wireless_examples_ieee_802_15_4_mwa_end_device_freertos\libs\lib802.15.4_mac_06_cm0.a(MacStateMachine.o)
                0x00001b44                Mac_TransactionExpire
                0x00001b50                Mac_PhyMsgHandler
                0x00001c10                Mac_NwkMsgHandler
                0x00001e44                Mac_McpsDataReqHandle
 .text          0x000020e4      0x290 C:\Users\eduar\Documents\MCUXpressoIDE_24.12.148\workspace\P1_redes\p1_tm2_wireless_examples_ieee_802_15_4_mwa_end_device_freertos\libs\lib802.15.4_mac_06_cm0.a(Poll.o)
                0x000020e4                Poll_VerifyParameters
                0x00002122                Poll_InitSeq
                0x0000218a                Poll_SendStatus
                0x000021c4                Poll_DataRx
                0x00002280                Poll_SendConfirm
                0x00002318                Poll_Timeout
 .text          0x00002374       0xdc C:\Users\eduar\Documents\MCUXpressoIDE_24.12.148\workspace\P1_redes\p1_tm2_wireless_examples_ieee_802_15_4_mwa_end_device_freertos\libs\lib802.15.4_mac_06_cm0.a(RxEnable.o)
                0x00002374                RxEnable_InitSeq
                0x000023ce                RxEnable_SetRx
                0x0000240e                RxEnable_Deactivate
 .text          0x00002450      0x670 C:\Users\eduar\Documents\MCUXpressoIDE_24.12.148\workspace\P1_redes\p1_tm2_wireless_examples_ieee_802_15_4_mwa_end_device_freertos\libs\lib802.15.4_mac_06_cm0.a(Scan.o)
                0x00002450                Mac_ScanMsgHandler
                0x000024de                Scan_StartFastEDScan
                0x00002510                Scan_StartEDScan
                0x00002588                Scan_StartActivePassiveScan
                0x000025e2                Scan_StartOrphanScan
                0x00002612                Scan_Advance
                0x00002634                Scan_StartTimer
                0x00002660                Scan_FastEdAcquire
                0x000026b6                Scan_EdAcquire
                0x0000270a                Scan_ActivePassiveAcquire
                0x00002848                Scan_OrphanAcquire
 .text          0x00002ac0      0x1b6 C:\Users\eduar\Documents\MCUXpressoIDE_24.12.148\workspace\P1_redes\p1_tm2_wireless_examples_ieee_802_15_4_mwa_end_device_freertos\libs\lib802.15.4_mac_06_cm0.a(Start.o)
                0x00002ac0                Start_VerifyParameters
                0x00002b80                Start_InitSeq
                0x00002bc6                Start_SetPIBs
                0x00002c26                CoordRealignment_SendStatus
                0x00002c4e                Start_SeqTerminate
 *fill*         0x00002c76        0x2 
 .text          0x00002c78      0x3c6 C:\Users\eduar\Documents\MCUXpressoIDE_24.12.148\workspace\P1_redes\p1_tm2_wireless_examples_ieee_802_15_4_mwa_end_device_freertos\libs\lib802.15.4_mac_06_cm0.a(Association.o)
                0x00002c78                Association_VerifyParameters
                0x00002cc8                Association_InitSeq
                0x00002d2c                Association_TriggerPoll
                0x00002d66                AssociationPoll_SendStatus
                0x00002e00                AssociationPoll_DataRx
                0x00002f00                AssociationReq_SendStatus
                0x00002fbc                AssociationRes_VerifyParameters
                0x00002ff0                AssociationRes_SendStatus
 *fill*         0x0000303e        0x2 
 .text          0x00003040      0x710 C:\Users\eduar\Documents\MCUXpressoIDE_24.12.148\workspace\P1_redes\p1_tm2_wireless_examples_ieee_802_15_4_mwa_end_device_freertos\libs\lib802.15.4_mac_06_cm0.a(DataRx.o)
                0x00003040                Mac_PreProcessDataIndication
                0x000030cc                Mac_ProcessDataIndication
                0x000032ec                Mac_ProcessBeaconFrame
                0x000034a0                Mac_CreateMcpsDataInd
                0x00003552                Mac_CreateMlmeCommStatusInd
                0x000035f4                Mac_CreateMlmeSyncLossInd
                0x0000364e                Mac_IsPanIdConflict
                0x000036ac                Mac_IsMyCoordinator
                0x000036fe                Mac_PostponeActiveSeq
 .text          0x00003750      0x5d8 C:\Users\eduar\Documents\MCUXpressoIDE_24.12.148\workspace\P1_redes\p1_tm2_wireless_examples_ieee_802_15_4_mwa_end_device_freertos\libs\lib802.15.4_mac_06_cm0.a(DataTx.o)
                0x00003750                DataTx_VerifyParameters
                0x000037c6                DataTx_InitSeq
                0x000039b4                DataTx_SendData
                0x000039e8                DataTx_SendDataConfirm
                0x00003a82                DataTx_SendEmptyFrame
                0x00003abc                DataTx_SendStatus
                0x00003be8                DataTx_CheckForExpirePackets
                0x00003c74                Mac_GetRandomBackoff
                0x00003c94                DataTx_CsmaCaRetry
                0x00003cbc                DataTx_Backoff
                0x00003cce                DataTx_SendDataWithBackoff
                0x00003d1c                Mac_InitCsmaCaVariables
 .text          0x00003d28      0x10c C:\Users\eduar\Documents\MCUXpressoIDE_24.12.148\workspace\P1_redes\p1_tm2_wireless_examples_ieee_802_15_4_mwa_end_device_freertos\libs\lib802.15.4_mac_06_cm0.a(Disassociation.o)
                0x00003d28                Disassociation_VerifyParameters
                0x00003db2                Disassociation_InitSeq
                0x00003df4                Disassociation_SendStatus
 .text          0x00003e34      0xca4 C:\Users\eduar\Documents\MCUXpressoIDE_24.12.148\workspace\P1_redes\p1_tm2_wireless_examples_ieee_802_15_4_mwa_end_device_freertos\libs\lib802.15.4_mac_06_cm0.a(MacFrames.o)
                0x00003e34                FrameBuild_AssociationRequest
                0x00003e9c                FrameBuild_AssociationResponse
                0x00003f1c                FrameBuild_DisassociationNotification
                0x00003f8c                FrameBuild_DataRequest
                0x00004042                FrameBuild_PanIdConflictNotification
                0x00004074                FrameBuild_OrphanNotification
                0x000040a6                FrameBuild_BeaconRequest
                0x000040e4                FrameBuild_CoordinatorRealignment
                0x00004210                FrameBuild_Beacon
                0x000043d0                FrameBuild_Data
                0x00004658                FrameBuild_ZeroLengthPayload
                0x00004720                Mac_GetMacHeader
                0x00004804                Mac_GetMaxMsduLength
                0x00004834                Mac_GetOverheadSize
                0x00004880                FrameBuild_Command
                0x00004ad4                addrModeFieldLengthTable
 .text          0x00004ad8       0x4c C:\Users\eduar\Documents\MCUXpressoIDE_24.12.148\workspace\P1_redes\p1_tm2_wireless_examples_ieee_802_15_4_mwa_end_device_freertos\libs\lib802.15.4_mac_06_cm0.a(MacMem.o)
                0x00004ad8                Mac_MemAllocZero
                0x00004af8                FrameAlloc
 .text          0x00004b24      0xa28 C:\Users\eduar\Documents\MCUXpressoIDE_24.12.148\workspace\P1_redes\p1_tm2_wireless_examples_ieee_802_15_4_mwa_end_device_freertos\libs\lib802.15.4_mac_06_cm0.a(MacSec.o)
                0x00004b5c                Sec_DetermineASHLength
                0x00004b8c                keyIdModeToAshLengthTable
                0x00004cf2                Sec_CheckBeaconSecurityParameters
                0x00004db0                Sec_SecureTxFrame
                0x00004f68                Sec_CreateAuxSecHeader
                0x00004ff0                Sec_CheckRxSecLevel
                0x00004ff8                Sec_UnsecureRxFrame
 .text          0x0000554c       0xce C:\Users\eduar\Documents\MCUXpressoIDE_24.12.148\workspace\P1_redes\p1_tm2_wireless_examples_ieee_802_15_4_mwa_end_device_freertos\libs\lib802.15.4_mac_06_cm0.a(Orphan.o)
                0x0000554c                Orphan_VerifyParameters
                0x00005584                Orphan_InitSeq
                0x000055c6                Orphan_SendStatus
 .text          0x0000561a      0x11c C:\Users\eduar\Documents\MCUXpressoIDE_24.12.148\workspace\P1_redes\p1_tm2_wireless_examples_ieee_802_15_4_mwa_end_device_freertos\libs\lib802.15.4_mac_06_cm0.a(Reset.o)
                0x0000561a                mlmeResetReq
 .text          0x00005736       0xfa C:\Users\eduar\Documents\MCUXpressoIDE_24.12.148\workspace\P1_redes\p1_tm2_wireless_examples_ieee_802_15_4_mwa_end_device_freertos\libs\lib802.15.4_mac_06_cm0.a(MacSequenceMngr.o)
                0x00005736                getFirstSequenceByChecksum
                0x00005750                getLastSequenceByChecksum
                0x00005770                getSequenceByDestination
                0x0000579a                getSequenceByMsduHandle
                0x000057ba                createNewSeq
                0x000057d0                getChecksum
                0x000057fc                getFreeIndex
 .text          0x00005830       0x68 C:\Users\eduar\Documents\MCUXpressoIDE_24.12.148\workspace\P1_redes\p1_tm2_wireless_examples_ieee_802_15_4_mwa_end_device_freertos\libs\lib802.15.4_mac_06_cm0.a(SecurityLib.o)
                0x00005830                AES_128_CCM_Star
 *(SORT_BY_ALIGNMENT(.text*))
 *fill*         0x00005898        0x8 
 .text.vPortStartFirstTask
                0x000058a0       0x38 ./freertos/port.o
 *fill*         0x000058d8        0x8 
 .text.PendSV_Handler
                0x000058e0       0x48 ./freertos/port.o
                0x000058e0                PendSV_Handler
 .text.deregister_tm_clones
                0x00005928       0x20 C:/nxp/MCUXpressoIDE_24.12.148/ide/plugins/com.nxp.mcuxpresso.tools.win32_24.12.0.202407110909/tools/bin/../lib/gcc/arm-none-eabi/13.2.1/thumb/v6-m/nofp/crtbegin.o
 .text.register_tm_clones
                0x00005948       0x28 C:/nxp/MCUXpressoIDE_24.12.148/ide/plugins/com.nxp.mcuxpresso.tools.win32_24.12.0.202407110909/tools/bin/../lib/gcc/arm-none-eabi/13.2.1/thumb/v6-m/nofp/crtbegin.o
 .text.__do_global_dtors_aux
                0x00005970       0x2c C:/nxp/MCUXpressoIDE_24.12.148/ide/plugins/com.nxp.mcuxpresso.tools.win32_24.12.0.202407110909/tools/bin/../lib/gcc/arm-none-eabi/13.2.1/thumb/v6-m/nofp/crtbegin.o
 .text.frame_dummy
                0x0000599c       0x24 C:/nxp/MCUXpressoIDE_24.12.148/ide/plugins/com.nxp.mcuxpresso.tools.win32_24.12.0.202407110909/tools/bin/../lib/gcc/arm-none-eabi/13.2.1/thumb/v6-m/nofp/crtbegin.o
 .text.DbgConsole_Printf
                0x000059c0       0x44 ./utilities/fsl_debug_console.o
                0x000059c0                DbgConsole_Printf
 .text.DbgConsole_Putchar
                0x00005a04       0x34 ./utilities/fsl_debug_console.o
                0x00005a04                DbgConsole_Putchar
 .text.main_task
                0x00005a38       0xb4 ./source/mwa_end_device.o
                0x00005a38                main_task
 .text.App_Idle_Task
                0x00005aec       0x90 ./source/mwa_end_device.o
                0x00005aec                App_Idle_Task
 .text.App_init
                0x00005b7c      0x130 ./source/mwa_end_device.o
                0x00005b7c                App_init
 .text.AppThread
                0x00005cac      0x78c ./source/mwa_end_device.o
                0x00005cac                AppThread
 .text.UartRxCallBack
                0x00006438       0x64 ./source/mwa_end_device.o
 .text.App_StartScan
                0x0000649c       0xc4 ./source/mwa_end_device.o
 .text.App_HandleScanActiveConfirm
                0x00006560       0xec ./source/mwa_end_device.o
 .text.App_SendAssociateRequest
                0x0000664c       0xe4 ./source/mwa_end_device.o
 .text.App_HandleAssociateConfirm
                0x00006730       0x64 ./source/mwa_end_device.o
 .text.App_HandleMlmeInput
                0x00006794       0xac ./source/mwa_end_device.o
 .text.App_HandleMcpsInput
                0x00006840       0x68 ./source/mwa_end_device.o
 .text.App_TransmitUartData
                0x000068a8      0x184 ./source/mwa_end_device.o
 .text.AppPollWaitTimeout
                0x00006a2c       0xac ./source/mwa_end_device.o
 .text.App_HandleKeys
                0x00006ad8       0x5c ./source/mwa_end_device.o
 .text.MLME_NWK_SapHandler
                0x00006b34       0x34 ./source/mwa_end_device.o
                0x00006b34                MLME_NWK_SapHandler
 .text.MCPS_NWK_SapHandler
                0x00006b68       0x34 ./source/mwa_end_device.o
                0x00006b68                MCPS_NWK_SapHandler
 .text.HardFault_Handler
                0x00006b9c       0x38 ./source/semihost_hardfault.o
                0x00006b9c                HardFault_Handler
 .text.My_Task  0x00006bd4      0x11c ./source/timer_task.o
                0x00006bd4                My_Task
 .text.MyTimer_Init
                0x00006cf0       0x34 ./source/timer_task.o
                0x00006cf0                MyTimer_Init
 .text.myTaskTimerCallback
                0x00006d24       0x20 ./source/timer_task.o
 .text.MyTaskTimer_Start
                0x00006d44       0x1c ./source/timer_task.o
                0x00006d44                MyTaskTimer_Start
 .text.NVIC_EnableIRQ
                0x00006d60       0x2c ./ieee_802.15.4/phy/source/MKW41Z/PhyISR.o
 .text.NVIC_SetPendingIRQ
                0x00006d8c       0x30 ./ieee_802.15.4/phy/source/MKW41Z/PhyISR.o
 .text.NVIC_ClearPendingIRQ
                0x00006dbc       0x30 ./ieee_802.15.4/phy/source/MKW41Z/PhyISR.o
 .text.NVIC_SetPriority
                0x00006dec       0xdc ./ieee_802.15.4/phy/source/MKW41Z/PhyISR.o
 .text.ProtectFromXcvrInterrupt
                0x00006ec8       0x3c ./ieee_802.15.4/phy/source/MKW41Z/PhyISR.o
                0x00006ec8                ProtectFromXcvrInterrupt
 .text.UnprotectFromXcvrInterrupt
                0x00006f04       0x44 ./ieee_802.15.4/phy/source/MKW41Z/PhyISR.o
                0x00006f04                UnprotectFromXcvrInterrupt
 .text.PhyIsrPassRxParams
                0x00006f48       0x1c ./ieee_802.15.4/phy/source/MKW41Z/PhyISR.o
                0x00006f48                PhyIsrPassRxParams
 .text.PhyIsrSeqCleanup
                0x00006f64       0x5c ./ieee_802.15.4/phy/source/MKW41Z/PhyISR.o
 .text.PhyIsrTimeoutCleanup
                0x00006fc0       0x60 ./ieee_802.15.4/phy/source/MKW41Z/PhyISR.o
 .text.Phy_GetEnergyLevel
                0x00007020       0x58 ./ieee_802.15.4/phy/source/MKW41Z/PhyISR.o
                0x00007020                Phy_GetEnergyLevel
 .text.PHY_InterruptHandler
                0x00007078      0x368 ./ieee_802.15.4/phy/source/MKW41Z/PhyISR.o
                0x00007078                PHY_InterruptHandler
 .text.PHY_InstallIsr
                0x000073e0       0x30 ./ieee_802.15.4/phy/source/MKW41Z/PhyISR.o
                0x000073e0                PHY_InstallIsr
 .text.Phy_GetRxParams
                0x00007410       0x74 ./ieee_802.15.4/phy/source/MKW41Z/PhyISR.o
 .text.PhyHwInit
                0x00007484      0x13c ./ieee_802.15.4/phy/source/MKW41Z/PhyPacketProcessor.o
                0x00007484                PhyHwInit
 .text.PhyAbort
                0x000075c0       0xb4 ./ieee_802.15.4/phy/source/MKW41Z/PhyPacketProcessor.o
                0x000075c0                PhyAbort
 .text.PhyPpGetState
                0x00007674       0x1c ./ieee_802.15.4/phy/source/MKW41Z/PhyPacketProcessor.o
                0x00007674                PhyPpGetState
 .text.PhyPpSetPanId
                0x00007690       0x70 ./ieee_802.15.4/phy/source/MKW41Z/PhyPacketProcessor.o
                0x00007690                PhyPpSetPanId
 .text.PhyPpSetShortAddr
                0x00007700       0x70 ./ieee_802.15.4/phy/source/MKW41Z/PhyPacketProcessor.o
                0x00007700                PhyPpSetShortAddr
 .text.PhyPpSetLongAddr
                0x00007770       0x60 ./ieee_802.15.4/phy/source/MKW41Z/PhyPacketProcessor.o
                0x00007770                PhyPpSetLongAddr
 .text.PhyPpSetMacRole
                0x000077d0       0x90 ./ieee_802.15.4/phy/source/MKW41Z/PhyPacketProcessor.o
                0x000077d0                PhyPpSetMacRole
 .text.PhyPpSetPromiscuous
                0x00007860       0x5c ./ieee_802.15.4/phy/source/MKW41Z/PhyPacketProcessor.o
                0x00007860                PhyPpSetPromiscuous
 .text.PhyPp_IndirectQueueInsert
                0x000078bc       0x6c ./ieee_802.15.4/phy/source/MKW41Z/PhyPacketProcessor.o
                0x000078bc                PhyPp_IndirectQueueInsert
 .text.PhyPp_RemoveFromIndirect
                0x00007928       0x60 ./ieee_802.15.4/phy/source/MKW41Z/PhyPacketProcessor.o
                0x00007928                PhyPp_RemoveFromIndirect
 .text.PhyPpIsTxAckDataPending
                0x00007988       0x4c ./ieee_802.15.4/phy/source/MKW41Z/PhyPacketProcessor.o
                0x00007988                PhyPpIsTxAckDataPending
 .text.PhyPlmeSetPwrState
                0x000079d4      0x128 ./ieee_802.15.4/phy/source/MKW41Z/PhyPacketProcessor.o
                0x000079d4                PhyPlmeSetPwrState
 .text.PhyPdDataRequest
                0x00007afc      0x1b0 ./ieee_802.15.4/phy/source/MKW41Z/PhyPlmeData.o
                0x00007afc                PhyPdDataRequest
 .text.PhyPlmeRxRequest
                0x00007cac      0x16c ./ieee_802.15.4/phy/source/MKW41Z/PhyPlmeData.o
                0x00007cac                PhyPlmeRxRequest
 .text.PhyPlmeCcaEdRequest
                0x00007e18      0x11c ./ieee_802.15.4/phy/source/MKW41Z/PhyPlmeData.o
                0x00007e18                PhyPlmeCcaEdRequest
 .text.PhyPlmeSetCurrentChannelRequest
                0x00007f34       0x8c ./ieee_802.15.4/phy/source/MKW41Z/PhyPlmeData.o
                0x00007f34                PhyPlmeSetCurrentChannelRequest
 .text.PhyPlmeGetCurrentChannelRequest
                0x00007fc0       0x3c ./ieee_802.15.4/phy/source/MKW41Z/PhyPlmeData.o
                0x00007fc0                PhyPlmeGetCurrentChannelRequest
 .text.PhyPlmeSetPwrLevelRequest
                0x00007ffc       0x7c ./ieee_802.15.4/phy/source/MKW41Z/PhyPlmeData.o
                0x00007ffc                PhyPlmeSetPwrLevelRequest
 .text.PhyPlmeGetPwrLevelRequest
                0x00008078       0x34 ./ieee_802.15.4/phy/source/MKW41Z/PhyPlmeData.o
                0x00008078                PhyPlmeGetPwrLevelRequest
 .text.PhyPlmeSetPIBRequest
                0x000080ac      0x1d0 ./ieee_802.15.4/phy/source/MKW41Z/PhyPlmeData.o
                0x000080ac                PhyPlmeSetPIBRequest
 .text.PhyPlmeGetPIBRequest
                0x0000827c      0x3c0 ./ieee_802.15.4/phy/source/MKW41Z/PhyPlmeData.o
                0x0000827c                PhyPlmeGetPIBRequest
 .text.PhyRxRetry
                0x0000863c       0x74 ./ieee_802.15.4/phy/source/MKW41Z/PhyPlmeData.o
 .text.Phy_Init
                0x000086b0       0x40 ./ieee_802.15.4/phy/source/MKW41Z/PhyStateMachine.o
                0x000086b0                Phy_Init
 .text.Phy_RegisterSapHandlers
                0x000086f0       0x24 ./ieee_802.15.4/phy/source/MKW41Z/PhyStateMachine.o
                0x000086f0                Phy_RegisterSapHandlers
 .text.Phy24Task
                0x00008714      0x25c ./ieee_802.15.4/phy/source/MKW41Z/PhyStateMachine.o
 .text.MAC_PD_SapHandler
                0x00008970       0xb0 ./ieee_802.15.4/phy/source/MKW41Z/PhyStateMachine.o
                0x00008970                MAC_PD_SapHandler
 .text.MAC_PLME_SapHandler
                0x00008a20      0x194 ./ieee_802.15.4/phy/source/MKW41Z/PhyStateMachine.o
                0x00008a20                MAC_PLME_SapHandler
 .text.Phy_HandlePdDataReq
                0x00008bb4      0x188 ./ieee_802.15.4/phy/source/MKW41Z/PhyStateMachine.o
 .text.Phy_EnterIdle
                0x00008d3c       0x88 ./ieee_802.15.4/phy/source/MKW41Z/PhyStateMachine.o
 .text.PhyPlmeSetFrameWaitTime
                0x00008dc4       0x1c ./ieee_802.15.4/phy/source/MKW41Z/PhyStateMachine.o
                0x00008dc4                PhyPlmeSetFrameWaitTime
 .text.PhyPlmeSetRxOnWhenIdle
                0x00008de0       0x88 ./ieee_802.15.4/phy/source/MKW41Z/PhyStateMachine.o
                0x00008de0                PhyPlmeSetRxOnWhenIdle
 .text.PhyIsIdleRx
                0x00008e68       0x4c ./ieee_802.15.4/phy/source/MKW41Z/PhyStateMachine.o
                0x00008e68                PhyIsIdleRx
 .text.Radio_Phy_PdDataConfirm
                0x00008eb4       0x94 ./ieee_802.15.4/phy/source/MKW41Z/PhyStateMachine.o
                0x00008eb4                Radio_Phy_PdDataConfirm
 .text.Radio_Phy_PdDataIndication
                0x00008f48       0x24 ./ieee_802.15.4/phy/source/MKW41Z/PhyStateMachine.o
                0x00008f48                Radio_Phy_PdDataIndication
 .text.Radio_Phy_PlmeCcaConfirm
                0x00008f6c       0x34 ./ieee_802.15.4/phy/source/MKW41Z/PhyStateMachine.o
                0x00008f6c                Radio_Phy_PlmeCcaConfirm
 .text.Radio_Phy_PlmeEdConfirm
                0x00008fa0       0x34 ./ieee_802.15.4/phy/source/MKW41Z/PhyStateMachine.o
                0x00008fa0                Radio_Phy_PlmeEdConfirm
 .text.Radio_Phy_TimeRxTimeoutIndication
                0x00008fd4       0x30 ./ieee_802.15.4/phy/source/MKW41Z/PhyStateMachine.o
                0x00008fd4                Radio_Phy_TimeRxTimeoutIndication
 .text.Radio_Phy_PlmeRxWatermark
                0x00009004       0xb8 ./ieee_802.15.4/phy/source/MKW41Z/PhyStateMachine.o
                0x00009004                Radio_Phy_PlmeRxWatermark
 .text.Radio_Phy_PlmeFilterFailRx
                0x000090bc       0x54 ./ieee_802.15.4/phy/source/MKW41Z/PhyStateMachine.o
                0x000090bc                Radio_Phy_PlmeFilterFailRx
 .text.PLME_SendMessage
                0x00009110       0xd4 ./ieee_802.15.4/phy/source/MKW41Z/PhyStateMachine.o
 .text.PD_SendMessage
                0x000091e4      0x268 ./ieee_802.15.4/phy/source/MKW41Z/PhyStateMachine.o
 .text.Phy_SendLatePLME
                0x0000944c       0x24 ./ieee_802.15.4/phy/source/MKW41Z/PhyStateMachine.o
 .text.Phy_SendLatePD
                0x00009470       0x24 ./ieee_802.15.4/phy/source/MKW41Z/PhyStateMachine.o
 .text.Radio_Phy_Notify
                0x00009494       0x18 ./ieee_802.15.4/phy/source/MKW41Z/PhyStateMachine.o
                0x00009494                Radio_Phy_Notify
 .text.PhyTimeSetEventTrigger
                0x000094ac       0x68 ./ieee_802.15.4/phy/source/MKW41Z/PhyTime.o
                0x000094ac                PhyTimeSetEventTrigger
 .text.PhyTimeDisableEventTrigger
                0x00009514       0x5c ./ieee_802.15.4/phy/source/MKW41Z/PhyTime.o
                0x00009514                PhyTimeDisableEventTrigger
 .text.PhyTimeSetEventTimeout
                0x00009570       0x74 ./ieee_802.15.4/phy/source/MKW41Z/PhyTime.o
                0x00009570                PhyTimeSetEventTimeout
 .text.PhyTimeGetEventTimeout
                0x000095e4       0x20 ./ieee_802.15.4/phy/source/MKW41Z/PhyTime.o
                0x000095e4                PhyTimeGetEventTimeout
 .text.PhyTimeDisableEventTimeout
                0x00009604       0x60 ./ieee_802.15.4/phy/source/MKW41Z/PhyTime.o
                0x00009604                PhyTimeDisableEventTimeout
 .text.PhyTimeReadClock
                0x00009664       0x28 ./ieee_802.15.4/phy/source/MKW41Z/PhyTime.o
                0x00009664                PhyTimeReadClock
 .text.PhyTimeSetWaitTimeout
                0x0000968c       0x6c ./ieee_802.15.4/phy/source/MKW41Z/PhyTime.o
                0x0000968c                PhyTimeSetWaitTimeout
 .text.PhyTimeDisableWaitTimeout
                0x000096f8       0x50 ./ieee_802.15.4/phy/source/MKW41Z/PhyTime.o
                0x000096f8                PhyTimeDisableWaitTimeout
 .text.PhyTime_ISR
                0x00009748       0x54 ./ieee_802.15.4/phy/source/MKW41Z/PhyTime.o
                0x00009748                PhyTime_ISR
 .text.PhyTime_TimerInit
                0x0000979c       0x90 ./ieee_802.15.4/phy/source/MKW41Z/PhyTime.o
                0x0000979c                PhyTime_TimerInit
 .text.PhyTime_GetTimestamp
                0x0000982c       0x80 ./ieee_802.15.4/phy/source/MKW41Z/PhyTime.o
                0x0000982c                PhyTime_GetTimestamp
 .text.PhyTime_ScheduleEvent
                0x000098ac       0xe8 ./ieee_802.15.4/phy/source/MKW41Z/PhyTime.o
                0x000098ac                PhyTime_ScheduleEvent
 .text.PhyTime_CancelEvent
                0x00009994       0xa4 ./ieee_802.15.4/phy/source/MKW41Z/PhyTime.o
                0x00009994                PhyTime_CancelEvent
 .text.PhyTime_CancelEventsWithParam
                0x00009a38       0xac ./ieee_802.15.4/phy/source/MKW41Z/PhyTime.o
                0x00009a38                PhyTime_CancelEventsWithParam
 .text.PhyTime_RunCallback
                0x00009ae4       0x70 ./ieee_802.15.4/phy/source/MKW41Z/PhyTime.o
                0x00009ae4                PhyTime_RunCallback
 .text.PhyTime_Maintenance
                0x00009b54       0xa8 ./ieee_802.15.4/phy/source/MKW41Z/PhyTime.o
                0x00009b54                PhyTime_Maintenance
 .text.PhyTime_OverflowCB
                0x00009bfc       0x50 ./ieee_802.15.4/phy/source/MKW41Z/PhyTime.o
 .text.PhyTime_GetNextEvent
                0x00009c4c       0x74 ./ieee_802.15.4/phy/source/MKW41Z/PhyTime.o
 .text.MAC_Init
                0x00009cc0       0x68 ./ieee_802.15.4/mac/source/App/MacGlobals.o
                0x00009cc0                MAC_Init
 .text.xEventGroupSetBitsFromISR
                0x00009d28       0x2c ./freertos/event_groups.o
                0x00009d28                xEventGroupSetBitsFromISR
 .text.prvSetupTimerInterrupt
                0x00009d54       0x40 ./freertos/fsl_tickless_lptmr.o
                0x00009d54                prvSetupTimerInterrupt
 .text.pvPortMalloc
                0x00009d94      0x150 ./freertos/heap_4.o
                0x00009d94                pvPortMalloc
 .text.vPortFree
                0x00009ee4       0x94 ./freertos/heap_4.o
                0x00009ee4                vPortFree
 .text.prvHeapInit
                0x00009f78       0xc0 ./freertos/heap_4.o
 .text.prvInsertBlockIntoFreeList
                0x0000a038       0xb0 ./freertos/heap_4.o
 .text.pxPortInitialiseStack
                0x0000a0e8       0x54 ./freertos/port.o
                0x0000a0e8                pxPortInitialiseStack
 .text.prvTaskExitError
                0x0000a13c       0x1c ./freertos/port.o
 .text.xPortStartScheduler
                0x0000a158       0x44 ./freertos/port.o
                0x0000a158                xPortStartScheduler
 .text.vPortYield
                0x0000a19c       0x20 ./freertos/port.o
                0x0000a19c                vPortYield
 .text.vPortEnterCritical
                0x0000a1bc       0x24 ./freertos/port.o
                0x0000a1bc                vPortEnterCritical
 .text.vPortExitCritical
                0x0000a1e0       0x30 ./freertos/port.o
                0x0000a1e0                vPortExitCritical
 .text.SysTick_Handler
                0x0000a210       0x34 ./freertos/port.o
                0x0000a210                SysTick_Handler
 .text.vQueueAddToRegistry
                0x0000a244       0x50 ./freertos/queue.o
                0x0000a244                vQueueAddToRegistry
 .text.prvInitialiseNewTask
                0x0000a294      0x12c ./freertos/tasks.o
 .text.prvAddNewTaskToReadyList
                0x0000a3c0       0xd0 ./freertos/tasks.o
 .text.vTaskStartScheduler
                0x0000a490       0x7c ./freertos/tasks.o
                0x0000a490                vTaskStartScheduler
 .text.vTaskSuspendAll
                0x0000a50c       0x18 ./freertos/tasks.o
                0x0000a50c                vTaskSuspendAll
 .text.xTaskResumeAll
                0x0000a524      0x118 ./freertos/tasks.o
                0x0000a524                xTaskResumeAll
 .text.xTaskGetTickCount
                0x0000a63c       0x1c ./freertos/tasks.o
                0x0000a63c                xTaskGetTickCount
 .text.xTaskIncrementTick
                0x0000a658      0x150 ./freertos/tasks.o
                0x0000a658                xTaskIncrementTick
 .text.vTaskSwitchContext
                0x0000a7a8       0xa4 ./freertos/tasks.o
                0x0000a7a8                vTaskSwitchContext
 .text.vTaskPlaceOnEventList
                0x0000a84c       0x40 ./freertos/tasks.o
                0x0000a84c                vTaskPlaceOnEventList
 .text.vTaskPlaceOnUnorderedEventList
                0x0000a88c       0x60 ./freertos/tasks.o
                0x0000a88c                vTaskPlaceOnUnorderedEventList
 .text.vTaskPlaceOnEventListRestricted
                0x0000a8ec       0x50 ./freertos/tasks.o
                0x0000a8ec                vTaskPlaceOnEventListRestricted
 .text.xTaskRemoveFromEventList
                0x0000a93c       0xbc ./freertos/tasks.o
                0x0000a93c                xTaskRemoveFromEventList
 .text.xTaskRemoveFromUnorderedEventList
                0x0000a9f8       0xb4 ./freertos/tasks.o
                0x0000a9f8                xTaskRemoveFromUnorderedEventList
 .text.vTaskSetTimeOutState
                0x0000aaac       0x34 ./freertos/tasks.o
                0x0000aaac                vTaskSetTimeOutState
 .text.xTaskCheckForTimeOut
                0x0000aae0       0xa0 ./freertos/tasks.o
                0x0000aae0                xTaskCheckForTimeOut
 .text.vTaskMissedYield
                0x0000ab80       0x14 ./freertos/tasks.o
                0x0000ab80                vTaskMissedYield
 .text.prvIdleTask
                0x0000ab94       0x20 ./freertos/tasks.o
 .text.prvInitialiseTaskLists
                0x0000abb4       0x88 ./freertos/tasks.o
 .text.prvCheckTasksWaitingTermination
                0x0000ac3c       0x78 ./freertos/tasks.o
 .text.prvResetNextTaskUnblockTime
                0x0000acb4       0x48 ./freertos/tasks.o
 .text.xTaskGetCurrentTaskHandle
                0x0000acfc       0x1c ./freertos/tasks.o
                0x0000acfc                xTaskGetCurrentTaskHandle
 .text.xTaskGetSchedulerState
                0x0000ad18       0x38 ./freertos/tasks.o
                0x0000ad18                xTaskGetSchedulerState
 .text.vTaskPriorityInherit
                0x0000ad50       0xbc ./freertos/tasks.o
                0x0000ad50                vTaskPriorityInherit
 .text.xTaskPriorityDisinherit
                0x0000ae0c       0xbc ./freertos/tasks.o
                0x0000ae0c                xTaskPriorityDisinherit
 .text.uxTaskResetEventItemValue
                0x0000aec8       0x2c ./freertos/tasks.o
                0x0000aec8                uxTaskResetEventItemValue
 .text.pvTaskIncrementMutexHeldCount
                0x0000aef4       0x24 ./freertos/tasks.o
                0x0000aef4                pvTaskIncrementMutexHeldCount
 .text.prvAddCurrentTaskToDelayedList
                0x0000af18       0xa8 ./freertos/tasks.o
 .text.xTimerCreateTimerTask
                0x0000afc0       0x54 ./freertos/timers.o
                0x0000afc0                xTimerCreateTimerTask
 .text.xTimerGenericCommand
                0x0000b014       0x98 ./freertos/timers.o
                0x0000b014                xTimerGenericCommand
 .text.prvProcessExpiredTimer
                0x0000b0ac       0x74 ./freertos/timers.o
 .text.prvProcessTimerOrBlockTask
                0x0000b120       0x8c ./freertos/timers.o
 .text.prvGetNextExpireTime
                0x0000b1ac       0x40 ./freertos/timers.o
 .text.prvSampleTimeNow
                0x0000b1ec       0x40 ./freertos/timers.o
 .text.prvInsertTimerInActiveList
                0x0000b22c       0x84 ./freertos/timers.o
 .text.prvProcessReceivedCommands
                0x0000b2b0      0x134 ./freertos/timers.o
 .text.prvSwitchTimerLists
                0x0000b3e4       0xb8 ./freertos/timers.o
 .text.prvCheckForValidListAndQueue
                0x0000b49c       0x74 ./freertos/timers.o
 .text.xTimerPendFunctionCallFromISR
                0x0000b510       0x4c ./freertos/timers.o
                0x0000b510                xTimerPendFunctionCallFromISR
 .text.XCVR_Init
                0x0000b55c      0x128 ./framework/XCVR/MKW41Z4/fsl_xcvr.o
                0x0000b55c                XCVR_Init
 .text.XCVR_GetDefaultConfig
                0x0000b684      0x174 ./framework/XCVR/MKW41Z4/fsl_xcvr.o
                0x0000b684                XCVR_GetDefaultConfig
 .text.XCVR_Configure
                0x0000b7f8      0x98c ./framework/XCVR/MKW41Z4/fsl_xcvr.o
                0x0000b7f8                XCVR_Configure
 .text.XcvrPanic
                0x0000c184       0x40 ./framework/XCVR/MKW41Z4/fsl_xcvr.o
                0x0000c184                XcvrPanic
 .text.XCVR_SetXtalTrim
                0x0000c1c4       0x64 ./framework/XCVR/MKW41Z4/fsl_xcvr.o
                0x0000c1c4                XCVR_SetXtalTrim
 .text.XCVR_OverrideChannel
                0x0000c228      0x140 ./framework/XCVR/MKW41Z4/fsl_xcvr.o
                0x0000c228                XCVR_OverrideChannel
 .text.XCVR_ForceRxWu
                0x0000c368       0x1c ./framework/XCVR/MKW41Z4/fsl_xcvr.o
                0x0000c368                XCVR_ForceRxWu
 .text.XCVR_ForceRxWd
                0x0000c384       0x1c ./framework/XCVR/MKW41Z4/fsl_xcvr.o
                0x0000c384                XCVR_ForceRxWd
 .text.calc_dcoc_dac_step
                0x0000c3a0       0x88 ./framework/XCVR/MKW41Z4/fsl_xcvr_trim.o
                0x0000c3a0                calc_dcoc_dac_step
 .text.rx_dc_est_average
                0x0000c428      0x1a0 ./framework/XCVR/MKW41Z4/fsl_xcvr_trim.o
                0x0000c428                rx_dc_est_average
 .text.rx_bba_dcoc_dac_trim_DCest
                0x0000c5c8      0x7bc ./framework/XCVR/MKW41Z4/fsl_xcvr_trim.o
                0x0000c5c8                rx_bba_dcoc_dac_trim_DCest
 .text.DCOC_DAC_INIT_Cal
                0x0000cd84      0x5b0 ./framework/XCVR/MKW41Z4/fsl_xcvr_trim.o
                0x0000cd84                DCOC_DAC_INIT_Cal
 .text.read_first_ifr_word
                0x0000d334       0x20 ./framework/XCVR/MKW41Z4/ifr_radio.o
                0x0000d334                read_first_ifr_word
 .text.read_another_ifr_word
                0x0000d354       0x2c ./framework/XCVR/MKW41Z4/ifr_radio.o
                0x0000d354                read_another_ifr_word
 .text.read_resource_ifr
                0x0000d380       0xd4 ./framework/XCVR/MKW41Z4/ifr_radio.o
                0x0000d380                read_resource_ifr
 .text.handle_ifr
                0x0000d454      0x184 ./framework/XCVR/MKW41Z4/ifr_radio.o
                0x0000d454                handle_ifr
 .text.NVIC_EnableIRQ
                0x0000d5d8       0x2c ./framework/TimersManager/Source/TMR_Adapter.o
 .text.NVIC_ClearPendingIRQ
                0x0000d604       0x30 ./framework/TimersManager/Source/TMR_Adapter.o
 .text.NVIC_SetPriority
                0x0000d634       0xdc ./framework/TimersManager/Source/TMR_Adapter.o
 .text.StackTimer_Init
                0x0000d710       0x98 ./framework/TimersManager/Source/TMR_Adapter.o
                0x0000d710                StackTimer_Init
 .text.StackTimer_Enable
                0x0000d7a8       0x1c ./framework/TimersManager/Source/TMR_Adapter.o
                0x0000d7a8                StackTimer_Enable
 .text.StackTimer_Disable
                0x0000d7c4       0x18 ./framework/TimersManager/Source/TMR_Adapter.o
                0x0000d7c4                StackTimer_Disable
 .text.StackTimer_GetCounterValue
                0x0000d7dc       0x14 ./framework/TimersManager/Source/TMR_Adapter.o
                0x0000d7dc                StackTimer_GetCounterValue
 .text.StackTimer_SetOffsetTicks
                0x0000d7f0       0x24 ./framework/TimersManager/Source/TMR_Adapter.o
                0x0000d7f0                StackTimer_SetOffsetTicks
 .text.StackTimer_ClearIntFlag
                0x0000d814       0x30 ./framework/TimersManager/Source/TMR_Adapter.o
                0x0000d814                StackTimer_ClearIntFlag
 .text.TMR_GetTimerStatus
                0x0000d844       0x28 ./framework/TimersManager/Source/TimersManager.o
 .text.TMR_SetTimerStatus
                0x0000d86c       0x44 ./framework/TimersManager/Source/TimersManager.o
 .text.TMR_GetTimerType
                0x0000d8b0       0x28 ./framework/TimersManager/Source/TimersManager.o
 .text.TMR_SetTimerType
                0x0000d8d8       0x44 ./framework/TimersManager/Source/TimersManager.o
 .text.TmrTicksFromMilliseconds
                0x0000d91c       0x48 ./framework/TimersManager/Source/TimersManager.o
                0x0000d91c                TmrTicksFromMilliseconds
 .text.TMR_Init
                0x0000d964       0x80 ./framework/TimersManager/Source/TimersManager.o
                0x0000d964                TMR_Init
 .text.TMR_NotifyClkChanged
                0x0000d9e4       0x44 ./framework/TimersManager/Source/TimersManager.o
                0x0000d9e4                TMR_NotifyClkChanged
 .text.TMR_AllocateTimer
                0x0000da28       0x50 ./framework/TimersManager/Source/TimersManager.o
                0x0000da28                TMR_AllocateTimer
 .text.TMR_AreAllTimersOff
                0x0000da78       0x18 ./framework/TimersManager/Source/TimersManager.o
                0x0000da78                TMR_AreAllTimersOff
 .text.StackTimer_ISR
                0x0000da90       0x24 ./framework/TimersManager/Source/TimersManager.o
 .text.TMR_StartTimer
                0x0000dab4       0xe8 ./framework/TimersManager/Source/TimersManager.o
                0x0000dab4                TMR_StartTimer
 .text.TMR_StopTimer
                0x0000db9c       0xe8 ./framework/TimersManager/Source/TimersManager.o
                0x0000db9c                TMR_StopTimer
 .text.TMR_Task
                0x0000dc84      0x4fc ./framework/TimersManager/Source/TimersManager.o
                0x0000dc84                TMR_Task
 .text.TMR_EnableTimer
                0x0000e180       0x84 ./framework/TimersManager/Source/TimersManager.o
                0x0000e180                TMR_EnableTimer
 .text.TMR_NotCountedTicksBeforeSleep
                0x0000e204       0x50 ./framework/TimersManager/Source/TimersManager.o
                0x0000e204                TMR_NotCountedTicksBeforeSleep
 .text.TMR_SyncLpmTimers
                0x0000e254       0xe0 ./framework/TimersManager/Source/TimersManager.o
                0x0000e254                TMR_SyncLpmTimers
 .text.TMR_MakeTMRThreadReady
                0x0000e334       0x20 ./framework/TimersManager/Source/TimersManager.o
                0x0000e334                TMR_MakeTMRThreadReady
 .text.TMR_GetTimerFreq
                0x0000e354       0x14 ./framework/TimersManager/Source/TimersManager.o
                0x0000e354                TMR_GetTimerFreq
 .text.TMR_PITGetTimestamp
                0x0000e368      0x1a4 ./framework/TimersManager/Source/TimersManager.o
                0x0000e368                TMR_PITGetTimestamp
 .text.NVIC_EnableIRQ
                0x0000e50c       0x2c ./framework/SerialManager/Source/UART_Adapter/UART_Adapter.o
 .text.NVIC_SetPriority
                0x0000e538       0xdc ./framework/SerialManager/Source/UART_Adapter/UART_Adapter.o
 .text.LPUART_Initialize
                0x0000e614       0xe8 ./framework/SerialManager/Source/UART_Adapter/UART_Adapter.o
                0x0000e614                LPUART_Initialize
 .text.LPUART_SetBaudrate
                0x0000e6fc       0x44 ./framework/SerialManager/Source/UART_Adapter/UART_Adapter.o
                0x0000e6fc                LPUART_SetBaudrate
 .text.LPUART_SendData
                0x0000e740       0xc0 ./framework/SerialManager/Source/UART_Adapter/UART_Adapter.o
                0x0000e740                LPUART_SendData
 .text.LPUART_InstallRxCalback
                0x0000e800       0x44 ./framework/SerialManager/Source/UART_Adapter/UART_Adapter.o
                0x0000e800                LPUART_InstallRxCalback
 .text.LPUART_InstallTxCalback
                0x0000e844       0x44 ./framework/SerialManager/Source/UART_Adapter/UART_Adapter.o
                0x0000e844                LPUART_InstallTxCalback
 .text.LPUART_IsTxActive
                0x0000e888       0x58 ./framework/SerialManager/Source/UART_Adapter/UART_Adapter.o
                0x0000e888                LPUART_IsTxActive
 .text.LPUART_ISR
                0x0000e8e0      0x17c ./framework/SerialManager/Source/UART_Adapter/UART_Adapter.o
 .text.SerialManager_Init
                0x0000ea5c       0x80 ./framework/SerialManager/Source/SerialManager.o
                0x0000ea5c                SerialManager_Init
 .text.SerialManagerTask
                0x0000eadc      0x1c4 ./framework/SerialManager/Source/SerialManager.o
                0x0000eadc                SerialManagerTask
 .text.Serial_InitInterface
                0x0000eca0      0x190 ./framework/SerialManager/Source/SerialManager.o
                0x0000eca0                Serial_InitInterface
 .text.Serial_AsyncWrite
                0x0000ee30      0x1bc ./framework/SerialManager/Source/SerialManager.o
                0x0000ee30                Serial_AsyncWrite
 .text.Serial_SyncWrite
                0x0000efec       0xdc ./framework/SerialManager/Source/SerialManager.o
                0x0000efec                Serial_SyncWrite
 .text.Serial_Read
                0x0000f0c8      0x124 ./framework/SerialManager/Source/SerialManager.o
                0x0000f0c8                Serial_Read
 .text.Serial_RxBufferByteCount
                0x0000f1ec      0x10c ./framework/SerialManager/Source/SerialManager.o
                0x0000f1ec                Serial_RxBufferByteCount
 .text.Serial_SetRxCallBack
                0x0000f2f8       0x78 ./framework/SerialManager/Source/SerialManager.o
                0x0000f2f8                Serial_SetRxCallBack
 .text.Serial_SetBaudRate
                0x0000f370       0x94 ./framework/SerialManager/Source/SerialManager.o
                0x0000f370                Serial_SetBaudRate
 .text.Serial_WriteInternal
                0x0000f404      0x12c ./framework/SerialManager/Source/SerialManager.o
 .text.SerialManager_RxNotify
                0x0000f530       0xc8 ./framework/SerialManager/Source/SerialManager.o
                0x0000f530                SerialManager_RxNotify
 .text.SerialManager_TxNotify
                0x0000f5f8      0x100 ./framework/SerialManager/Source/SerialManager.o
                0x0000f5f8                SerialManager_TxNotify
 .text.Serial_TxQueueMaintenance
                0x0000f6f8      0x15c ./framework/SerialManager/Source/SerialManager.o
 .text.Serial_UartRxCb
                0x0000f854       0x5c ./framework/SerialManager/Source/SerialManager.o
 .text.SecLib_Init
                0x0000f8b0       0x3c ./framework/SecLib/SecLib.o
                0x0000f8b0                SecLib_Init
 .text.AES_128_CCM
                0x0000f8ec       0xf4 ./framework/SecLib/SecLib.o
                0x0000f8ec                AES_128_CCM
 .text.NVIC_EnableIRQ
                0x0000f9e0       0x2c ./framework/RNG/Source/RNG.o
 .text.RNG_Init
                0x0000fa0c       0xe4 ./framework/RNG/Source/RNG.o
                0x0000fa0c                RNG_Init
 .text.TRNG_ISR
                0x0000faf0       0x40 ./framework/RNG/Source/RNG.o
 .text.OSA_SemaphorePost
                0x0000fb30       0x9c ./framework/OSAbstraction/Source/fsl_os_abstraction_free_rtos.o
                0x0000fb30                OSA_SemaphorePost
 .text.OSA_EventCreate
                0x0000fbcc       0x70 ./framework/OSAbstraction/Source/fsl_os_abstraction_free_rtos.o
                0x0000fbcc                OSA_EventCreate
 .text.OSA_EventSet
                0x0000fc3c       0xa0 ./framework/OSAbstraction/Source/fsl_os_abstraction_free_rtos.o
                0x0000fc3c                OSA_EventSet
 .text.OSA_EventWait
                0x0000fcdc       0xa4 ./framework/OSAbstraction/Source/fsl_os_abstraction_free_rtos.o
                0x0000fcdc                OSA_EventWait
 .text.OSA_InterruptEnable
                0x0000fd80       0x4c ./framework/OSAbstraction/Source/fsl_os_abstraction_free_rtos.o
                0x0000fd80                OSA_InterruptEnable
 .text.OSA_InterruptDisable
                0x0000fdcc       0x4c ./framework/OSAbstraction/Source/fsl_os_abstraction_free_rtos.o
                0x0000fdcc                OSA_InterruptDisable
 .text.main     0x0000fe18       0x24 ./framework/OSAbstraction/Source/fsl_os_abstraction_free_rtos.o
                0x0000fe18                main
 .text.__NvAtomicSave
                0x0000fe3c       0xec ./framework/NVM/Source/NV_Flash.o
 .text.__NvSyncSave
                0x0000ff28      0x130 ./framework/NVM/Source/NV_Flash.o
 .text.__NvIdle
                0x00010058      0x1d4 ./framework/NVM/Source/NV_Flash.o
 .text.__NvRestoreDataSet
                0x0001022c       0x58 ./framework/NVM/Source/NV_Flash.o
 .text.__NvTimerTick
                0x00010284      0x190 ./framework/NVM/Source/NV_Flash.o
 .text.__NvSaveOnIdle
                0x00010414       0x7c ./framework/NVM/Source/NV_Flash.o
 .text.__NvModuleInit
                0x00010490      0x144 ./framework/NVM/Source/NV_Flash.o
 .text.InitNVMConfig
                0x000105d4       0xc8 ./framework/NVM/Source/NV_Flash.o
 .text.NvEraseVirtualPage
                0x0001069c       0x78 ./framework/NVM/Source/NV_Flash.o
 .text.NvInitStorageSystem
                0x00010714      0x1e4 ./framework/NVM/Source/NV_Flash.o
 .text.NvVirtualPageBlankCheck
                0x000108f8       0x5c ./framework/NVM/Source/NV_Flash.o
 .text.NvUpdateLastMetaInfoAddress
                0x00010954      0x11c ./framework/NVM/Source/NV_Flash.o
 .text.NvGetMetaInfo
                0x00010a70       0x64 ./framework/NVM/Source/NV_Flash.o
 .text.NvGetPageFreeSpace
                0x00010ad4       0xe0 ./framework/NVM/Source/NV_Flash.o
 .text.NvIsMemoryAreaAvailable
                0x00010bb4       0xa8 ./framework/NVM/Source/NV_Flash.o
 .text.NvIsRecordCopied
                0x00010c5c      0x124 ./framework/NVM/Source/NV_Flash.o
 .text.NvInternalCopy
                0x00010d80      0x3a4 ./framework/NVM/Source/NV_Flash.o
 .text.NvCopyPage
                0x00011124      0x27c ./framework/NVM/Source/NV_Flash.o
 .text.NvInternalFormat
                0x000113a0       0x88 ./framework/NVM/Source/NV_Flash.o
 .text.NvSaveRamTable
                0x00011428       0xb4 ./framework/NVM/Source/NV_Flash.o
 .text.UpgradeLegacyTable
                0x000114dc      0x34c ./framework/NVM/Source/NV_Flash.o
 .text.NvGetEntryFromDataPtr
                0x00011828       0xfc ./framework/NVM/Source/NV_Flash.o
 .text.NvWriteRecord
                0x00011924      0x4e0 ./framework/NVM/Source/NV_Flash.o
 .text.NvRestoreData
                0x00011e04      0x2fc ./framework/NVM/Source/NV_Flash.o
 .text.NvGetTableEntryIndexFromId
                0x00012100       0x78 ./framework/NVM/Source/NV_Flash.o
 .text.NvProcessFirstSaveInQueue
                0x00012178       0xc0 ./framework/NVM/Source/NV_Flash.o
 .text.NvAddSaveRequestToQueue
                0x00012238      0x200 ./framework/NVM/Source/NV_Flash.o
 .text.NvModuleInit
                0x00012438       0x4c ./framework/NVM/Source/NV_Flash.o
                0x00012438                NvModuleInit
 .text.NvSaveOnIdle
                0x00012484       0x50 ./framework/NVM/Source/NV_Flash.o
                0x00012484                NvSaveOnIdle
 .text.NvRestoreDataSet
                0x000124d4       0x50 ./framework/NVM/Source/NV_Flash.o
                0x000124d4                NvRestoreDataSet
 .text.NvClearCriticalSection
                0x00012524       0x30 ./framework/NVM/Source/NV_Flash.o
                0x00012524                NvClearCriticalSection
 .text.NvIdle   0x00012554       0x44 ./framework/NVM/Source/NV_Flash.o
                0x00012554                NvIdle
 .text.NvGetNvIdleTaskId
                0x00012598       0x14 ./framework/NVM/Source/NV_Flash.o
                0x00012598                NvGetNvIdleTaskId
 .text.MEM_Init
                0x000125ac       0xc4 ./framework/MemManager/Source/MemManager.o
                0x000125ac                MEM_Init
 .text.MEM_BufferAllocWithId
                0x00012670       0xb8 ./framework/MemManager/Source/MemManager.o
                0x00012670                MEM_BufferAllocWithId
 .text.MEM_BufferFree
                0x00012728       0xb0 ./framework/MemManager/Source/MemManager.o
                0x00012728                MEM_BufferFree
 .text.PWR_HandleDeepSleepMode_1
                0x000127d8       0x14 ./framework/LowPower/Source/MKW41Z/PWR.o
 .text.PWR_HandleDeepSleepMode_2_3
                0x000127ec      0x1dc ./framework/LowPower/Source/MKW41Z/PWR.o
 .text.PWR_HandleDeepSleepMode_4
                0x000129c8       0x84 ./framework/LowPower/Source/MKW41Z/PWR.o
 .text.PWR_HandleDeepSleepMode_5
                0x00012a4c       0x84 ./framework/LowPower/Source/MKW41Z/PWR.o
 .text.PWR_HandleDeepSleepMode_6
                0x00012ad0      0x204 ./framework/LowPower/Source/MKW41Z/PWR.o
 .text.PWR_HandleDeepSleepMode_7
                0x00012cd4       0x14 ./framework/LowPower/Source/MKW41Z/PWR.o
 .text.PWR_HandleDeepSleep
                0x00012ce8       0x50 ./framework/LowPower/Source/MKW41Z/PWR.o
 .text.PWR_HandleSleep
                0x00012d38       0x40 ./framework/LowPower/Source/MKW41Z/PWR.o
 .text.PWR_DeepSleepAllowed
                0x00012d78       0x34 ./framework/LowPower/Source/MKW41Z/PWR.o
 .text.PWR_SystemReset
                0x00012dac       0x18 ./framework/LowPower/Source/MKW41Z/PWR.o
                0x00012dac                PWR_SystemReset
 .text.PWR_AllowDeviceToSleep
                0x00012dc4       0x2c ./framework/LowPower/Source/MKW41Z/PWR.o
                0x00012dc4                PWR_AllowDeviceToSleep
 .text.PWR_DisallowDeviceToSleep
                0x00012df0       0x38 ./framework/LowPower/Source/MKW41Z/PWR.o
                0x00012df0                PWR_DisallowDeviceToSleep
 .text.PWR_AllowXcvrToSleep
                0x00012e28       0x2c ./framework/LowPower/Source/MKW41Z/PWR.o
                0x00012e28                PWR_AllowXcvrToSleep
 .text.PWR_DisallowXcvrToSleep
                0x00012e54       0x38 ./framework/LowPower/Source/MKW41Z/PWR.o
                0x00012e54                PWR_DisallowXcvrToSleep
 .text.PWR_CheckIfDeviceCanGoToSleep
                0x00012e8c       0x2c ./framework/LowPower/Source/MKW41Z/PWR.o
                0x00012e8c                PWR_CheckIfDeviceCanGoToSleep
 .text.PWR_RegisterLowPowerEnterCallback
                0x00012eb8       0x1c ./framework/LowPower/Source/MKW41Z/PWR.o
                0x00012eb8                PWR_RegisterLowPowerEnterCallback
 .text.PWR_RegisterLowPowerExitCallback
                0x00012ed4       0x1c ./framework/LowPower/Source/MKW41Z/PWR.o
                0x00012ed4                PWR_RegisterLowPowerExitCallback
 .text.NVIC_EnableIRQ
                0x00012ef0       0x2c ./framework/LowPower/Source/MKW41Z/PWRLib.o
 .text.NVIC_SetPriority
                0x00012f1c       0xdc ./framework/LowPower/Source/MKW41Z/PWRLib.o
 .text.PWRLib_ConfigRSIM
                0x00012ff8       0x78 ./framework/LowPower/Source/MKW41Z/PWRLib.o
                0x00012ff8                PWRLib_ConfigRSIM
 .text.PWRLib_ConfigLLWU
                0x00013070       0x58 ./framework/LowPower/Source/MKW41Z/PWRLib.o
                0x00013070                PWRLib_ConfigLLWU
 .text.PWRLib_GetDeepSleepMode
                0x000130c8       0x14 ./framework/LowPower/Source/MKW41Z/PWRLib.o
                0x000130c8                PWRLib_GetDeepSleepMode
 .text.PWRLib_MCU_Enter_Sleep
                0x000130dc       0x28 ./framework/LowPower/Source/MKW41Z/PWRLib.o
                0x000130dc                PWRLib_MCU_Enter_Sleep
 .text.PWRLib_MCU_Enter_VLLS1
                0x00013104       0x8c ./framework/LowPower/Source/MKW41Z/PWRLib.o
                0x00013104                PWRLib_MCU_Enter_VLLS1
 .text.PWRLib_MCU_Enter_VLLS2
                0x00013190       0x8c ./framework/LowPower/Source/MKW41Z/PWRLib.o
                0x00013190                PWRLib_MCU_Enter_VLLS2
 .text.PWRLib_MCU_Enter_LLS2
                0x0001321c       0x8c ./framework/LowPower/Source/MKW41Z/PWRLib.o
                0x0001321c                PWRLib_MCU_Enter_LLS2
 .text.PWRLib_MCU_Enter_LLS3
                0x000132a8       0x8c ./framework/LowPower/Source/MKW41Z/PWRLib.o
                0x000132a8                PWRLib_MCU_Enter_LLS3
 .text.PWRLib_MCU_Enter_Stop
                0x00013334       0x48 ./framework/LowPower/Source/MKW41Z/PWRLib.o
                0x00013334                PWRLib_MCU_Enter_Stop
 .text.PWRLib_LLWU_GetWakeUpFlags
                0x0001337c       0x64 ./framework/LowPower/Source/MKW41Z/PWRLib.o
                0x0001337c                PWRLib_LLWU_GetWakeUpFlags
 .text.PWRLib_LLWU_UpdateWakeupReason
                0x000133e0       0x9c ./framework/LowPower/Source/MKW41Z/PWRLib.o
                0x000133e0                PWRLib_LLWU_UpdateWakeupReason
 .text.PWRLib_LPTMR_GetTimeSettings
                0x0001347c       0xd8 ./framework/LowPower/Source/MKW41Z/PWRLib.o
                0x0001347c                PWRLib_LPTMR_GetTimeSettings
 .text.PWRLib_LPTMR_ClockStart
                0x00013554       0x6c ./framework/LowPower/Source/MKW41Z/PWRLib.o
                0x00013554                PWRLib_LPTMR_ClockStart
 .text.PWRLib_LPTMR_ClockCheck
                0x000135c0       0x64 ./framework/LowPower/Source/MKW41Z/PWRLib.o
                0x000135c0                PWRLib_LPTMR_ClockCheck
 .text.PWRLib_LPTMR_ClockStop
                0x00013624       0x6c ./framework/LowPower/Source/MKW41Z/PWRLib.o
                0x00013624                PWRLib_LPTMR_ClockStop
 .text.PWRLib_StopUpdateWakeupReason
                0x00013690       0xa0 ./framework/LowPower/Source/MKW41Z/PWRLib.o
                0x00013690                PWRLib_StopUpdateWakeupReason
 .text.PWRLib_LPTMR_Isr
                0x00013730       0x1c ./framework/LowPower/Source/MKW41Z/PWRLib.o
                0x00013730                PWRLib_LPTMR_Isr
 .text.PWRLib_LPTMR_Init
                0x0001374c       0x84 ./framework/LowPower/Source/MKW41Z/PWRLib.o
                0x0001374c                PWRLib_LPTMR_Init
 .text.PWRLib_LLWU_Isr
                0x000137d0       0xa0 ./framework/LowPower/Source/MKW41Z/PWRLib.o
                0x000137d0                PWRLib_LLWU_Isr
 .text.PWRLib_Init
                0x00013870      0x1a4 ./framework/LowPower/Source/MKW41Z/PWRLib.o
                0x00013870                PWRLib_Init
 .text.LED_Init
                0x00013a14       0x2c ./framework/LED/Source/LED.o
                0x00013a14                LED_Init
 .text.LED_Operate
                0x00013a40       0x8c ./framework/LED/Source/LED.o
                0x00013a40                LED_Operate
 .text.LED_StartBlip
                0x00013acc       0x64 ./framework/LED/Source/LED.o
                0x00013acc                LED_StartBlip
 .text.LED_StopFlash
                0x00013b30       0x4c ./framework/LED/Source/LED.o
                0x00013b30                LED_StopFlash
 .text.LED_SetLed
                0x00013b7c       0xb8 ./framework/LED/Source/LED.o
                0x00013b7c                LED_SetLed
 .text.LED_StartFlashWithPeriod
                0x00013c34       0x58 ./framework/LED/Source/LED.o
                0x00013c34                LED_StartFlashWithPeriod
 .text.LED_StartSerialFlashWithPeriod
                0x00013c8c       0x74 ./framework/LED/Source/LED.o
                0x00013c8c                LED_StartSerialFlashWithPeriod
 .text.LED_StopSerialFlash
                0x00013d00       0x44 ./framework/LED/Source/LED.o
                0x00013d00                LED_StopSerialFlash
 .text.LED_DecrementBlip
                0x00013d44       0x8c ./framework/LED/Source/LED.o
 .text.LED_FlashTimeout
                0x00013dd0       0x74 ./framework/LED/Source/LED.o
 .text.KbGpioInit
                0x00013e44       0x58 ./framework/Keyboard/Source/Keyboard.o
 .text.KBD_KeySwitchPortGet
                0x00013e9c       0x7c ./framework/Keyboard/Source/Keyboard.o
 .text.KBD_KeyCheck
                0x00013f18       0xa0 ./framework/Keyboard/Source/Keyboard.o
 .text.KeyScan  0x00013fb8      0x154 ./framework/Keyboard/Source/Keyboard.o
 .text.Switch_CheckIRQ
                0x0001410c       0x50 ./framework/Keyboard/Source/Keyboard.o
 .text.KBD_Init
                0x0001415c       0xdc ./framework/Keyboard/Source/Keyboard.o
                0x0001415c                KBD_Init
 .text.KBD_IsWakeUpSource
                0x00014238       0x48 ./framework/Keyboard/Source/Keyboard.o
                0x00014238                KBD_IsWakeUpSource
 .text.Switch_Press_ISR
                0x00014280       0x70 ./framework/Keyboard/Source/Keyboard.o
                0x00014280                Switch_Press_ISR
 .text.NVIC_EnableIRQ
                0x000142f0       0x2c ./framework/GPIO/GPIO_Adapter.o
 .text.NVIC_ClearPendingIRQ
                0x0001431c       0x30 ./framework/GPIO/GPIO_Adapter.o
 .text.NVIC_SetPriority
                0x0001434c       0xdc ./framework/GPIO/GPIO_Adapter.o
 .text.NVIC_GetPriority
                0x00014428       0x7c ./framework/GPIO/GPIO_Adapter.o
 .text.PORT_SetPinConfig
                0x000144a4       0x38 ./framework/GPIO/GPIO_Adapter.o
 .text.PORT_SetPinMux
                0x000144dc       0x40 ./framework/GPIO/GPIO_Adapter.o
 .text.PORT_SetPinInterruptConfig
                0x0001451c       0x40 ./framework/GPIO/GPIO_Adapter.o
 .text.GpioGetPinPCR
                0x0001455c       0x34 ./framework/GPIO/GPIO_Adapter.o
                0x0001455c                GpioGetPinPCR
 .text.GpioSetPinPCR_ISF_Preserved
                0x00014590       0x40 ./framework/GPIO/GPIO_Adapter.o
                0x00014590                GpioSetPinPCR_ISF_Preserved
 .text.GpioSetPinMux
                0x000145d0       0x44 ./framework/GPIO/GPIO_Adapter.o
                0x000145d0                GpioSetPinMux
 .text.GpioSetPinMux_ISF_Preserved
                0x00014614       0x64 ./framework/GPIO/GPIO_Adapter.o
                0x00014614                GpioSetPinMux_ISF_Preserved
 .text.GpioClearPinIntFlag
                0x00014678       0x34 ./framework/GPIO/GPIO_Adapter.o
                0x00014678                GpioClearPinIntFlag
 .text.GpioIsPinIntPending
                0x000146ac       0x38 ./framework/GPIO/GPIO_Adapter.o
                0x000146ac                GpioIsPinIntPending
 .text.GpioSetPinOutput
                0x000146e4       0x34 ./framework/GPIO/GPIO_Adapter.o
                0x000146e4                GpioSetPinOutput
 .text.GpioClearPinOutput
                0x00014718       0x34 ./framework/GPIO/GPIO_Adapter.o
                0x00014718                GpioClearPinOutput
 .text.GpioTogglePinOutput
                0x0001474c       0x34 ./framework/GPIO/GPIO_Adapter.o
                0x0001474c                GpioTogglePinOutput
 .text.GpioReadPinInput
                0x00014780       0x30 ./framework/GPIO/GPIO_Adapter.o
                0x00014780                GpioReadPinInput
 .text.GpioInputPinInit
                0x000147b0      0x104 ./framework/GPIO/GPIO_Adapter.o
                0x000147b0                GpioInputPinInit
 .text.GpioOutputPinInit
                0x000148b4      0x100 ./framework/GPIO/GPIO_Adapter.o
                0x000148b4                GpioOutputPinInit
 .text.GpioInstallIsr
                0x000149b4      0x2c4 ./framework/GPIO/GPIO_Adapter.o
                0x000149b4                GpioInstallIsr
 .text.Gpio_CommonIsr
                0x00014c78       0xb0 ./framework/GPIO/GPIO_Adapter.o
 .text.Gpio_InstallPortISR
                0x00014d28       0x60 ./framework/GPIO/GPIO_Adapter.o
 .text.NV_Flash_WaitForCSEndAndDisableInterrupts
                0x00014d88       0x88 ./framework/Flash/Internal/Flash_Adapter.o
 .text.NV_FlashProgramAdaptation
                0x00014e10       0x74 ./framework/Flash/Internal/Flash_Adapter.o
 .text.NV_ComputeCrcOverHWParameters
                0x00014e84       0xd0 ./framework/Flash/Internal/Flash_Adapter.o
 .text.NV_Init  0x00014f54       0x50 ./framework/Flash/Internal/Flash_Adapter.o
                0x00014f54                NV_Init
 .text.NV_Flash_ClearCriticalSection
                0x00014fa4       0x78 ./framework/Flash/Internal/Flash_Adapter.o
                0x00014fa4                NV_Flash_ClearCriticalSection
 .text.NV_FlashVerifyErase
                0x0001501c       0x38 ./framework/Flash/Internal/Flash_Adapter.o
                0x0001501c                NV_FlashVerifyErase
 .text.NV_FlashEraseSector
                0x00015054       0x34 ./framework/Flash/Internal/Flash_Adapter.o
                0x00015054                NV_FlashEraseSector
 .text.NV_ReadHWParameters
                0x00015088       0x68 ./framework/Flash/Internal/Flash_Adapter.o
                0x00015088                NV_ReadHWParameters
 .text.CLOCK_EnableClock
                0x000150f0       0x34 ./framework/DCDC/Source/DCDC.o
 .text.ADC16_GetChannelConversionValue
                0x00015124       0x30 ./framework/DCDC/Source/DCDC.o
 .text.DCDC_MakeADCConversion
                0x00015154       0x44 ./framework/DCDC/Source/DCDC.o
 .text.DCDC_AdjustVbatDiv
                0x00015198       0x68 ./framework/DCDC/Source/DCDC.o
 .text.DCDC_Get1P8VOutputTargetAndVBatInmV
                0x00015200       0xf4 ./framework/DCDC/Source/DCDC.o
 .text.DCDC_mVTo1P8OutputTargetBoost
                0x000152f4      0x168 ./framework/DCDC/Source/DCDC.o
 .text.DCDC_mVTo1P8OutputTargetBuck
                0x0001545c       0xe4 ./framework/DCDC/Source/DCDC.o
 .text.DCDC_mVToMcuVOutputTargetBoost
                0x00015540       0x8c ./framework/DCDC/Source/DCDC.o
                0x00015540                DCDC_mVToMcuVOutputTargetBoost
 .text.DCDC_GetOutputTargetsBoost
                0x000155cc       0xcc ./framework/DCDC/Source/DCDC.o
 .text.DCDC_GetOutputTargetsBuck
                0x00015698       0x88 ./framework/DCDC/Source/DCDC.o
 .text.DCDC_VBatMonitorBoost
                0x00015720      0x1b8 ./framework/DCDC/Source/DCDC.o
 .text.DCDC_VBatMonitorBuck
                0x000158d8      0x1bc ./framework/DCDC/Source/DCDC.o
 .text.DCDC_Init
                0x00015a94      0x218 ./framework/DCDC/Source/DCDC.o
                0x00015a94                DCDC_Init
 .text.DCDC_PrepareForPulsedMode
                0x00015cac       0x68 ./framework/DCDC/Source/DCDC.o
                0x00015cac                DCDC_PrepareForPulsedMode
 .text.DCDC_PrepareForContinuousMode
                0x00015d14       0x6c ./framework/DCDC/Source/DCDC.o
                0x00015d14                DCDC_PrepareForContinuousMode
 .text.CLOCK_EnableClock
                0x00015d80       0x34 ./drivers/fsl_adc16.o
 .text.ADC16_GetInstance
                0x00015db4       0x48 ./drivers/fsl_adc16.o
 .text.ADC16_Init
                0x00015dfc      0x114 ./drivers/fsl_adc16.o
                0x00015dfc                ADC16_Init
 .text.ADC16_SetChannelConfig
                0x00015f10       0x6c ./drivers/fsl_adc16.o
                0x00015f10                ADC16_SetChannelConfig
 .text.ADC16_GetChannelStatusFlags
                0x00015f7c       0x40 ./drivers/fsl_adc16.o
                0x00015f7c                ADC16_GetChannelStatusFlags
 .text.CLOCK_SetEr32kClock
                0x00015fbc       0x34 ./drivers/fsl_clock.o
 .text.CLOCK_GetMcgExtClkFreq
                0x00015ff0       0x70 ./drivers/fsl_clock.o
 .text.CLOCK_GetFllExtRefClkFreq
                0x00016060       0xbc ./drivers/fsl_clock.o
 .text.CLOCK_GetInternalRefClkSelectFreq
                0x0001611c       0x40 ./drivers/fsl_clock.o
 .text.CLOCK_GetFllRefClkFreq
                0x0001615c       0x2c ./drivers/fsl_clock.o
 .text.CLOCK_GetOscRangeFromFreq
                0x00016188       0x4c ./drivers/fsl_clock.o
 .text.CLOCK_GetOsc0ErClkFreq
                0x000161d4       0x28 ./drivers/fsl_clock.o
                0x000161d4                CLOCK_GetOsc0ErClkFreq
 .text.CLOCK_GetBusClkFreq
                0x000161fc       0x50 ./drivers/fsl_clock.o
                0x000161fc                CLOCK_GetBusClkFreq
 .text.CLOCK_SetSimConfig
                0x0001624c       0x2c ./drivers/fsl_clock.o
                0x0001624c                CLOCK_SetSimConfig
 .text.CLOCK_GetOutClkFreq
                0x00016278       0x60 ./drivers/fsl_clock.o
                0x00016278                CLOCK_GetOutClkFreq
 .text.CLOCK_GetFllFreq
                0x000162d8       0x78 ./drivers/fsl_clock.o
                0x000162d8                CLOCK_GetFllFreq
 .text.CLOCK_GetInternalRefClkFreq
                0x00016350       0x28 ./drivers/fsl_clock.o
                0x00016350                CLOCK_GetInternalRefClkFreq
 .text.CLOCK_SetExternalRefClkConfig
                0x00016378       0x80 ./drivers/fsl_clock.o
                0x00016378                CLOCK_SetExternalRefClkConfig
 .text.CLOCK_SetInternalRefClkConfig
                0x000163f8      0x124 ./drivers/fsl_clock.o
                0x000163f8                CLOCK_SetInternalRefClkConfig
 .text.CLOCK_InitOsc0
                0x0001651c       0x68 ./drivers/fsl_clock.o
                0x0001651c                CLOCK_InitOsc0
 .text.CLOCK_SetFeeMode
                0x00016584      0x138 ./drivers/fsl_clock.o
                0x00016584                CLOCK_SetFeeMode
 .text.__assertion_failed
                0x000166bc       0x1c ./drivers/fsl_common.o
                0x000166bc                __assertion_failed
 .text.InstallIRQHandler
                0x000166d8       0x98 ./drivers/fsl_common.o
                0x000166d8                InstallIRQHandler
 .text.DSPI_CommonIRQHandler
                0x00016770       0x40 ./drivers/fsl_dspi.o
 .text.SPI0_DriverIRQHandler
                0x000167b0       0x34 ./drivers/fsl_dspi.o
                0x000167b0                SPI0_DriverIRQHandler
 .text.SPI1_DriverIRQHandler
                0x000167e4       0x34 ./drivers/fsl_dspi.o
                0x000167e4                SPI1_DriverIRQHandler
 .text.FLASH_Init
                0x00016818       0xe8 ./drivers/fsl_flash.o
                0x00016818                FLASH_Init
 .text.FLASH_Erase
                0x00016900       0xf4 ./drivers/fsl_flash.o
                0x00016900                FLASH_Erase
 .text.FLASH_Program
                0x000169f4      0x100 ./drivers/fsl_flash.o
                0x000169f4                FLASH_Program
 .text.FLASH_VerifyErase
                0x00016af4      0x10c ./drivers/fsl_flash.o
                0x00016af4                FLASH_VerifyErase
 .text.copy_flash_run_command
                0x00016c00       0x30 ./drivers/fsl_flash.o
 .text.flash_command_sequence
                0x00016c30       0x78 ./drivers/fsl_flash.o
 .text.copy_flash_common_bit_operation
                0x00016ca8       0x3c ./drivers/fsl_flash.o
 .text.mcm_flash_cache_clear
                0x00016ce4       0x2c ./drivers/fsl_flash.o
                0x00016ce4                mcm_flash_cache_clear
 .text.flash_check_user_key
                0x00016d10       0x24 ./drivers/fsl_flash.o
 .text.GPIO_PinInit
                0x00016d34       0x64 ./drivers/fsl_gpio.o
                0x00016d34                GPIO_PinInit
 .text.I2C_TransferCommonIRQHandler
                0x00016d98       0x58 ./drivers/fsl_i2c.o
 .text.I2C0_DriverIRQHandler
                0x00016df0       0x20 ./drivers/fsl_i2c.o
                0x00016df0                I2C0_DriverIRQHandler
 .text.I2C1_DriverIRQHandler
                0x00016e10       0x20 ./drivers/fsl_i2c.o
                0x00016e10                I2C1_DriverIRQHandler
 .text.CLOCK_EnableClock
                0x00016e30       0x34 ./drivers/fsl_lpuart.o
 .text.LPUART_GetInstance
                0x00016e64       0x48 ./drivers/fsl_lpuart.o
                0x00016e64                LPUART_GetInstance
 .text.LPUART_Init
                0x00016eac      0x284 ./drivers/fsl_lpuart.o
                0x00016eac                LPUART_Init
 .text.LPUART_GetDefaultConfig
                0x00017130       0x50 ./drivers/fsl_lpuart.o
                0x00017130                LPUART_GetDefaultConfig
 .text.LPUART_SetBaudRate
                0x00017180      0x188 ./drivers/fsl_lpuart.o
                0x00017180                LPUART_SetBaudRate
 .text.LPUART_GetEnabledInterrupts
                0x00017308       0x30 ./drivers/fsl_lpuart.o
                0x00017308                LPUART_GetEnabledInterrupts
 .text.LPUART_ClearStatusFlags
                0x00017338       0x88 ./drivers/fsl_lpuart.o
                0x00017338                LPUART_ClearStatusFlags
 .text.LPUART0_DriverIRQHandler
                0x000173c0       0x24 ./drivers/fsl_lpuart.o
                0x000173c0                LPUART0_DriverIRQHandler
 .text.CLOCK_EnableClock
                0x000173e4       0x34 ./drivers/fsl_ltc.o
 .text.ltc_clear_all
                0x00017418       0x20 ./drivers/fsl_ltc.o
                0x00017418                ltc_clear_all
 .text.ltc_symmetric_alg_state
                0x00017438       0x74 ./drivers/fsl_ltc.o
 .text.LTC_Init
                0x000174ac       0x1c ./drivers/fsl_ltc.o
                0x000174ac                LTC_Init
 .text.ltc_aes_ccm_process_aad
                0x000174c8      0x1b4 ./drivers/fsl_ltc.o
 .text.ltc_aes_ccm_process
                0x0001767c      0x160 ./drivers/fsl_ltc.o
 .text.CLOCK_EnableClock
                0x000177dc       0x34 ./drivers/fsl_tpm.o
 .text.TPM_GetInstance
                0x00017810       0x54 ./drivers/fsl_tpm.o
 .text.TPM_Init
                0x00017864       0xec ./drivers/fsl_tpm.o
                0x00017864                TPM_Init
 .text.TPM_SetupOutputCompare
                0x00017950      0x130 ./drivers/fsl_tpm.o
                0x00017950                TPM_SetupOutputCompare
 .text.CLOCK_EnableClock
                0x00017a80       0x34 ./drivers/fsl_trng.o
 .text.trng_GetInstance
                0x00017ab4       0x48 ./drivers/fsl_trng.o
 .text.TRNG_GetDefaultConfig
                0x00017afc       0xe0 ./drivers/fsl_trng.o
                0x00017afc                TRNG_GetDefaultConfig
 .text.trng_SetRetryCount
                0x00017bdc       0x50 ./drivers/fsl_trng.o
 .text.trng_SetStatisticalCheckLimit
                0x00017c2c      0x320 ./drivers/fsl_trng.o
 .text.trng_ApplyUserConfig
                0x00017f4c      0x1c4 ./drivers/fsl_trng.o
 .text.TRNG_Init
                0x00018110       0xb8 ./drivers/fsl_trng.o
                0x00018110                TRNG_Init
 .text.CLOCK_EnableClock
                0x000181c8       0x34 ./board/board.o
 .text.hardware_init
                0x000181fc      0x160 ./board/board.o
                0x000181fc                hardware_init
 .text.NMI_Handler
                0x0001835c       0x20 ./board/board.o
                0x0001835c                NMI_Handler
 .text.BOARD_DCDCInit
                0x0001837c       0x18 ./board/board.o
                0x0001837c                BOARD_DCDCInit
 .text.BOARD_InstallLowPowerCallbacks
                0x00018394       0x24 ./board/board.o
                0x00018394                BOARD_InstallLowPowerCallbacks
 .text.BOARD_SetPinsLowPower
                0x000183b8       0xb8 ./board/board.o
                0x000183b8                BOARD_SetPinsLowPower
 .text.BOARD_EnterLowPowerCb
                0x00018470       0x2c ./board/board.o
                0x00018470                BOARD_EnterLowPowerCb
 .text.BOARD_GetLpuartClock
                0x0001849c       0x68 ./board/board.o
                0x0001849c                BOARD_GetLpuartClock
 .text.BOARD_GetTpmClock
                0x00018504       0x68 ./board/board.o
                0x00018504                BOARD_GetTpmClock
 .text.BOARD_BLPItoBLPE
                0x0001856c       0x20 ./board/board.o
                0x0001856c                BOARD_BLPItoBLPE
 .text.CLOCK_EnableClock
                0x0001858c       0x34 ./board/clock_config.o
 .text.CLOCK_DisableClock
                0x000185c0       0x38 ./board/clock_config.o
 .text.CLOCK_SetLpuartClock
                0x000185f8       0x38 ./board/clock_config.o
 .text.CLOCK_SetTpmClock
                0x00018630       0x38 ./board/clock_config.o
 .text.CLOCK_SetSimSafeDivs
                0x00018668       0x1c ./board/clock_config.o
 .text.CLOCK_SetXtal0Freq
                0x00018684       0x1c ./board/clock_config.o
 .text.CLOCK_SetXtal32Freq
                0x000186a0       0x1c ./board/clock_config.o
 .text.RTC_SetOscCapLoad
                0x000186bc       0x34 ./board/clock_config.o
 .text.CLOCK_CONFIG_FllStableDelay
                0x000186f0       0x28 ./board/clock_config.o
 .text.CLOCK_CONFIG_SetRtcClock
                0x00018718       0x4c ./board/clock_config.o
 .text.CLOCK_CONFIG_EnableRtcOsc
                0x00018764       0x50 ./board/clock_config.o
 .text.BOARD_RfOscInit
                0x000187b4       0xc8 ./board/clock_config.o
                0x000187b4                BOARD_RfOscInit
 .text.BOARD_InitOsc0
                0x0001887c       0x30 ./board/clock_config.o
                0x0001887c                BOARD_InitOsc0
 .text.BOARD_BootClockRUN
                0x000188ac       0x6c ./board/clock_config.o
                0x000188ac                BOARD_BootClockRUN
 .text.CLOCK_EnableClock
                0x00018918       0x34 ./board/pin_mux.o
 .text.PORT_SetPinMux
                0x0001894c       0x40 ./board/pin_mux.o
 .text.BOARD_InitButtons
                0x0001898c       0x34 ./board/pin_mux.o
                0x0001898c                BOARD_InitButtons
 .text.BOARD_InitLEDs
                0x000189c0       0x78 ./board/pin_mux.o
                0x000189c0                BOARD_InitLEDs
 .text.BOARD_InitLPUART
                0x00018a38       0x4c ./board/pin_mux.o
                0x00018a38                BOARD_InitLPUART
 .text.SystemInit
                0x00018a84       0x18 ./CMSIS/system_MKW41Z4.o
                0x00018a84                SystemInit
 .text.roundf   0x00018a9c       0x48 C:/nxp/MCUXpressoIDE_24.12.148/ide/plugins/com.nxp.mcuxpresso.tools.win32_24.12.0.202407110909/tools/bin/../lib/gcc/arm-none-eabi/13.2.1/thumb/v6-m/nofp\libm.a(libm_a-sf_round.o)
                0x00018a9c                roundf
 .text.exit     0x00018ae4       0x20 C:/nxp/MCUXpressoIDE_24.12.148/ide/plugins/com.nxp.mcuxpresso.tools.win32_24.12.0.202407110909/tools/bin/../lib/gcc/arm-none-eabi/13.2.1/thumb/v6-m/nofp\libc.a(libc_a-exit.o)
                0x00018ae4                exit